Component: ARM Compiler 5.06 update 4 (build 422) Tool: armlink [4d35d2]

==============================================================================

Section Cross References

    startup_stm32f103xe.o(STACK) refers (Special) to heapauxi.o(.text) for __use_two_region_memory
    startup_stm32f103xe.o(HEAP) refers (Special) to heapauxi.o(.text) for __use_two_region_memory
    startup_stm32f103xe.o(RESET) refers (Special) to heapauxi.o(.text) for __use_two_region_memory
    startup_stm32f103xe.o(RESET) refers to startup_stm32f103xe.o(STACK) for __initial_sp
    startup_stm32f103xe.o(RESET) refers to startup_stm32f103xe.o(.text) for Reset_Handler
    startup_stm32f103xe.o(RESET) refers to stm32f1xx_it.o(i.NMI_Handler) for NMI_Handler
    startup_stm32f103xe.o(RESET) refers to stm32f1xx_it.o(i.HardFault_Handler) for HardFault_Handler
    startup_stm32f103xe.o(RESET) refers to stm32f1xx_it.o(i.MemManage_Handler) for MemManage_Handler
    startup_stm32f103xe.o(RESET) refers to stm32f1xx_it.o(i.BusFault_Handler) for BusFault_Handler
    startup_stm32f103xe.o(RESET) refers to stm32f1xx_it.o(i.UsageFault_Handler) for UsageFault_Handler
    startup_stm32f103xe.o(RESET) refers to stm32f1xx_it.o(i.SVC_Handler) for SVC_Handler
    startup_stm32f103xe.o(RESET) refers to stm32f1xx_it.o(i.DebugMon_Handler) for DebugMon_Handler
    startup_stm32f103xe.o(RESET) refers to stm32f1xx_it.o(i.PendSV_Handler) for PendSV_Handler
    startup_stm32f103xe.o(RESET) refers to stm32f1xx_it.o(i.SysTick_Handler) for SysTick_Handler
    startup_stm32f103xe.o(RESET) refers to stm32f1xx_it.o(i.EXTI4_IRQHandler) for EXTI4_IRQHandler
    startup_stm32f103xe.o(RESET) refers to stm32f1xx_it.o(i.USART1_IRQHandler) for USART1_IRQHandler
    startup_stm32f103xe.o(RESET) refers to stm32f1xx_it.o(i.UART4_IRQHandler) for UART4_IRQHandler
    startup_stm32f103xe.o(.text) refers (Special) to heapauxi.o(.text) for __use_two_region_memory
    startup_stm32f103xe.o(.text) refers to system_stm32f1xx.o(i.SystemInit) for SystemInit
    startup_stm32f103xe.o(.text) refers to __main.o(!!!main) for __main
    startup_stm32f103xe.o(.text) refers to startup_stm32f103xe.o(HEAP) for Heap_Mem
    startup_stm32f103xe.o(.text) refers to startup_stm32f103xe.o(STACK) for Stack_Mem
    lcdtp.o(i.LCD_BackLed_Control) refers to stm32f1xx_hal_gpio.o(i.HAL_GPIO_WritePin) for HAL_GPIO_WritePin
    lcdtp.o(i.LCD_Clear) refers to lcdtp.o(i.LCD_OpenWindow) for LCD_OpenWindow
    lcdtp.o(i.LCD_Clear) refers to lcdtp.o(i.LCD_FillColor) for LCD_FillColor
    lcdtp.o(i.LCD_DrawChar) refers to lcdtp.o(i.LCD_OpenWindow) for LCD_OpenWindow
    lcdtp.o(i.LCD_DrawChar) refers to lcdtp.o(.constdata) for .constdata
    lcdtp.o(i.LCD_DrawChar_Color) refers to lcdtp.o(i.LCD_OpenWindow) for LCD_OpenWindow
    lcdtp.o(i.LCD_DrawChar_Color) refers to lcdtp.o(.constdata) for .constdata
    lcdtp.o(i.LCD_DrawCross) refers to lcdtp.o(i.LCD_Clear) for LCD_Clear
    lcdtp.o(i.LCD_DrawDot) refers to lcdtp.o(i.LCD_OpenWindow) for LCD_OpenWindow
    lcdtp.o(i.LCD_DrawDot) refers to lcdtp.o(i.LCD_FillColor) for LCD_FillColor
    lcdtp.o(i.LCD_DrawLine) refers to lcdtp.o(i.LCD_DrawDot) for LCD_DrawDot
    lcdtp.o(i.LCD_DrawString) refers to lcdtp.o(i.LCD_DrawChar) for LCD_DrawChar
    lcdtp.o(i.LCD_DrawString_Color) refers to lcdtp.o(i.LCD_DrawChar_Color) for LCD_DrawChar_Color
    lcdtp.o(i.LCD_GetPointPixel) refers to lcdtp.o(i.LCD_OpenWindow) for LCD_OpenWindow
    lcdtp.o(i.LCD_GetPointPixel) refers to lcdtp.o(i.LCD_Read_PixelData) for LCD_Read_PixelData
    lcdtp.o(i.LCD_INIT) refers to lcdtp.o(i.LCD_BackLed_Control) for LCD_BackLed_Control
    lcdtp.o(i.LCD_INIT) refers to lcdtp.o(i.LCD_Rst) for LCD_Rst
    lcdtp.o(i.LCD_INIT) refers to lcdtp.o(i.LCD_REG_Config) for LCD_REG_Config
    lcdtp.o(i.LCD_INIT) refers to lcdtp.o(i.LCD_Clear) for LCD_Clear
    lcdtp.o(i.LCD_REG_Config) refers to lcdtp.o(i.Delay) for Delay
    lcdtp.o(i.LCD_Rst) refers to stm32f1xx_hal_gpio.o(i.HAL_GPIO_WritePin) for HAL_GPIO_WritePin
    lcdtp.o(i.LCD_Rst) refers to lcdtp.o(i.Delay) for Delay
    lcdtp.o(i.LCD_drawImage) refers to lcdtp.o(i.LCD_DrawDot) for LCD_DrawDot
    xpt2046.o(i.Check_touchkey) refers to xpt2046.o(i.XPT2046_Get_TouchedPoint) for XPT2046_Get_TouchedPoint
    xpt2046.o(i.Check_touchkey) refers to xpt2046.o(.data) for .data
    xpt2046.o(i.XPT2046_Calculate_CalibrationFactor) refers to dflt_clz.o(x$fpl$dflt) for __aeabi_i2d
    xpt2046.o(i.XPT2046_Calculate_CalibrationFactor) refers to deqf.o(x$fpl$deqf) for __aeabi_cdcmpeq
    xpt2046.o(i.XPT2046_Get_TouchedPoint) refers to xpt2046.o(i.XPT2046_ReadAdc_Smooth_XY) for XPT2046_ReadAdc_Smooth_XY
    xpt2046.o(i.XPT2046_Get_TouchedPoint) refers to dflt_clz.o(x$fpl$dfltu) for __aeabi_ui2d
    xpt2046.o(i.XPT2046_Get_TouchedPoint) refers to dmul.o(x$fpl$dmul) for __aeabi_dmul
    xpt2046.o(i.XPT2046_Get_TouchedPoint) refers to daddsub_clz.o(x$fpl$dadd) for __aeabi_dadd
[...]
    .ARM.Collect$$libshutdown$$00000010      0x080001c0   Section        2  libshutdown2.o(.ARM.Collect$$libshutdown$$00000010)
    .ARM.Collect$$rtentry$$00000000          0x080001c2   Section        0  __rtentry.o(.ARM.Collect$$rtentry$$00000000)
    .ARM.Collect$$rtentry$$00000002          0x080001c2   Section        0  __rtentry2.o(.ARM.Collect$$rtentry$$00000002)
    .ARM.Collect$$rtentry$$00000004          0x080001c2   Section        6  __rtentry4.o(.ARM.Collect$$rtentry$$00000004)
    .ARM.Collect$$rtentry$$00000009          0x080001c8   Section        0  __rtentry2.o(.ARM.Collect$$rtentry$$00000009)
    .ARM.Collect$$rtentry$$0000000A          0x080001c8   Section        4  __rtentry2.o(.ARM.Collect$$rtentry$$0000000A)
    .ARM.Collect$$rtentry$$0000000C          0x080001cc   Section        0  __rtentry2.o(.ARM.Collect$$rtentry$$0000000C)
    .ARM.Collect$$rtentry$$0000000D          0x080001cc   Section        8  __rtentry2.o(.ARM.Collect$$rtentry$$0000000D)
    .ARM.Collect$$rtexit$$00000000           0x080001d4   Section        2  rtexit.o(.ARM.Collect$$rtexit$$00000000)
    .ARM.Collect$$rtexit$$00000002           0x080001d6   Section        0  rtexit2.o(.ARM.Collect$$rtexit$$00000002)
    .ARM.Collect$$rtexit$$00000003           0x080001d6   Section        4  rtexit2.o(.ARM.Collect$$rtexit$$00000003)
    .ARM.Collect$$rtexit$$00000004           0x080001da   Section        6  rtexit2.o(.ARM.Collect$$rtexit$$00000004)
    .text                                    0x080001e0   Section       64  startup_stm32f103xe.o(.text)
    .text                                    0x08000220   Section        0  noretval__2sprintf.o(.text)
    .text                                    0x08000248   Section        0  _printf_pad.o(.text)
    .text                                    0x08000298   Section        0  _printf_dec.o(.text)
    .text                                    0x08000310   Section        0  _printf_hex_int.o(.text)
    .text                                    0x08000368   Section        0  __printf_flags_wp.o(.text)
    .text                                    0x080004a0   Section       78  rt_memclr_w.o(.text)
    .text                                    0x080004ee   Section        0  heapauxi.o(.text)
    .text                                    0x080004f4   Section        0  _printf_intcommon.o(.text)
    .text                                    0x080005a8   Section        0  _printf_char_common.o(.text)
    _printf_input_char                       0x080005a9   Thumb Code    10  _printf_char_common.o(.text)
    .text                                    0x080005d8   Section        0  _sputc.o(.text)
    .text                                    0x080005e2   Section       74  sys_stackheap_outer.o(.text)
    .text                                    0x0800062c   Section        0  exit.o(.text)
    .text                                    0x08000640   Section        8  libspace.o(.text)
    .text                                    0x08000648   Section        0  sys_exit.o(.text)
    .text                                    0x08000654   Section        2  use_no_semi.o(.text)
    .text                                    0x08000656   Section        0  indicate_semi.o(.text)
    i.BusFault_Handler                       0x08000656   Section        0  stm32f1xx_it.o(i.BusFault_Handler)
    i.Check_touchkey                         0x08000658   Section        0  xpt2046.o(i.Check_touchkey)
    i.DebugMon_Handler                       0x08000690   Section        0  stm32f1xx_it.o(i.DebugMon_Handler)
    i.Delay                                  0x08000692   Section        0  lcdtp.o(i.Delay)
    i.EXTI4_IRQHandler                       0x080006a2   Section        0  stm32f1xx_it.o(i.EXTI4_IRQHandler)
    i.FSMC_NORSRAM_Extended_Timing_Init      0x080006a8   Section        0  stm32f1xx_ll_fsmc.o(i.FSMC_NORSRAM_Extended_Timing_Init)
    i.FSMC_NORSRAM_Init                      0x080006e4   Section        0  stm32f1xx_ll_fsmc.o(i.FSMC_NORSRAM_Init)
    i.FSMC_NORSRAM_Timing_Init               0x0800077c   Section        0  stm32f1xx_ll_fsmc.o(i.FSMC_NORSRAM_Timing_Init)
    i.HAL_DMA_Abort_IT                       0x080007c0   Section        0  stm32f1xx_hal_dma.o(i.HAL_DMA_Abort_IT)
    i.HAL_Delay                              0x080008f0   Section        0  stm32f1xx_hal.o(i.HAL_Delay)
    i.HAL_FSMC_MspInit                       0x08000914   Section        0  stm32f1xx_hal_msp.o(i.HAL_FSMC_MspInit)
    HAL_FSMC_MspInit                         0x08000915   Thumb Code    88  stm32f1xx_hal_msp.o(i.HAL_FSMC_MspInit)
    i.HAL_GPIO_EXTI_Callback                 0x0800097c   Section        0  stm32f1xx_hal_gpio.o(i.HAL_GPIO_EXTI_Callback)
    i.HAL_GPIO_EXTI_IRQHandler               0x08000980   Section        0  stm32f1xx_hal_gpio.o(i.HAL_GPIO_EXTI_IRQHandler)
    i.HAL_GPIO_Init                          0x08000998   Section        0  stm32f1xx_hal_gpio.o(i.HAL_GPIO_Init)
    i.HAL_GPIO_ReadPin                       0x08000b80   Section        0  stm32f1xx_hal_gpio.o(i.HAL_GPIO_ReadPin)
    i.HAL_GPIO_TogglePin                     0x08000b8a   Section        0  stm32f1xx_hal_gpio.o(i.HAL_GPIO_TogglePin)
    i.HAL_GPIO_WritePin                      0x08000b92   Section        0  stm32f1xx_hal_gpio.o(i.HAL_GPIO_WritePin)
    i.HAL_GetTick                            0x08000b9c   Section        0  stm32f1xx_hal.o(i.HAL_GetTick)
    i.HAL_IncTick                            0x08000ba8   Section        0  stm32f1xx_hal.o(i.HAL_IncTick)
    i.HAL_Init                               0x08000bb8   Section        0  stm32f1xx_hal.o(i.HAL_Init)
    i.HAL_InitTick                           0x08000bdc   Section        0  stm32f1xx_hal.o(i.HAL_InitTick)
    i.HAL_MspInit                            0x08000c1c   Section        0  stm32f1xx_hal_msp.o(i.HAL_MspInit)
    i.HAL_NVIC_EnableIRQ                     0x08000c58   Section        0  stm32f1xx_hal_cortex.o(i.HAL_NVIC_EnableIRQ)
    i.HAL_NVIC_SetPriority                   0x08000c70   Section        0  stm32f1xx_hal_cortex.o(i.HAL_NVIC_SetPriority)
    i.HAL_NVIC_SetPriorityGrouping           0x08000cb0   Section        0  stm32f1xx_hal_cortex.o(i.HAL_NVIC_SetPriorityGrouping)
    i.HAL_RCC_ClockConfig                    0x08000cd4   Section        0  stm32f1xx_hal_rcc.o(i.HAL_RCC_ClockConfig)
    i.HAL_RCC_GetPCLK1Freq                   0x08000e40   Section        0  stm32f1xx_hal_rcc.o(i.HAL_RCC_GetPCLK1Freq)
    i.HAL_RCC_GetPCLK2Freq                   0x08000e60   Section        0  stm32f1xx_hal_rcc.o(i.HAL_RCC_GetPCLK2Freq)
    i.HAL_RCC_GetSysClockFreq                0x08000e80   Section        0  stm32f1xx_hal_rcc.o(i.HAL_RCC_GetSysClockFreq)
    i.HAL_RCC_MCOConfig                      0x08000eec   Section        0  stm32f1xx_hal_rcc.o(i.HAL_RCC_MCOConfig)
    i.HAL_RCC_OscConfig                      0x08000f34   Section        0  stm32f1xx_hal_rcc.o(i.HAL_RCC_OscConfig)
    i.HAL_SRAM_Init                          0x08001238   Section        0  stm32f1xx_hal_sram.o(i.HAL_SRAM_Init)
    i.HAL_SRAM_MspInit                       0x0800128e   Section        0  stm32f1xx_hal_msp.o(i.HAL_SRAM_MspInit)
    i.HAL_SYSTICK_Config                     0x08001292   Section        0  stm32f1xx_hal_cortex.o(i.HAL_SYSTICK_Config)
    i.HAL_TIMEx_MasterConfigSynchronization  0x080012ba   Section        0  stm32f1xx_hal_tim_ex.o(i.HAL_TIMEx_MasterConfigSynchronization)
    i.HAL_TIM_Base_Init                      0x0800130a   Section        0  stm32f1xx_hal_tim.o(i.HAL_TIM_Base_Init)
    i.HAL_TIM_Base_MspInit                   0x08001340   Section        0  stm32f1xx_hal_msp.o(i.HAL_TIM_Base_MspInit)
    i.HAL_TIM_ConfigClockSource              0x0800137c   Section        0  stm32f1xx_hal_tim.o(i.HAL_TIM_ConfigClockSource)
    i.HAL_TIM_MspPostInit                    0x08001470   Section        0  stm32f1xx_hal_msp.o(i.HAL_TIM_MspPostInit)
    i.HAL_TIM_PWM_ConfigChannel              0x080014e4   Section        0  stm32f1xx_hal_tim.o(i.HAL_TIM_PWM_ConfigChannel)
    i.HAL_TIM_PWM_Init                       0x080015b4   Section        0  stm32f1xx_hal_tim.o(i.HAL_TIM_PWM_Init)
    i.HAL_TIM_PWM_MspInit                    0x080015ea   Section        0  stm32f1xx_hal_tim.o(i.HAL_TIM_PWM_MspInit)
    i.HAL_TIM_PWM_Start                      0x080015ec   Section        0  stm32f1xx_hal_tim.o(i.HAL_TIM_PWM_Start)
    i.HAL_TIM_PWM_Stop                       0x08001624   Section        0  stm32f1xx_hal_tim.o(i.HAL_TIM_PWM_Stop)
    i.HAL_TIM_SlaveConfigSynchronization     0x08001680   Section        0  stm32f1xx_hal_tim.o(i.HAL_TIM_SlaveConfigSynchronization)
    i.HAL_UART_ErrorCallback                 0x080016c2   Section        0  stm32f1xx_hal_uart.o(i.HAL_UART_ErrorCallback)
    i.HAL_UART_IRQHandler                    0x080016c4   Section        0  stm32f1xx_hal_uart.o(i.HAL_UART_IRQHandler)
    i.HAL_UART_Init                          0x080017d4   Section        0  stm32f1xx_hal_uart.o(i.HAL_UART_Init)
    i.HAL_UART_MspInit                       0x08001838   Section        0  stm32f1xx_hal_msp.o(i.HAL_UART_MspInit)
    i.HAL_UART_Receive_IT                    0x08001914   Section        0  stm32f1xx_hal_uart.o(i.HAL_UART_Receive_IT)
    i.HAL_UART_RxCpltCallback                0x08001968   Section        0  main_1.o(i.HAL_UART_RxCpltCallback)
    i.HAL_UART_TxCpltCallback                0x080019a4   Section        0  stm32f1xx_hal_uart.o(i.HAL_UART_TxCpltCallback)
    i.HardFault_Handler                      0x080019a6   Section        0  stm32f1xx_it.o(i.HardFault_Handler)
    i.LCD_BackLed_Control                    0x080019a8   Section        0  lcdtp.o(i.LCD_BackLed_Control)
    i.LCD_Clear                              0x080019c0   Section        0  lcdtp.o(i.LCD_Clear)
    i.LCD_DrawChar                           0x080019dc   Section        0  lcdtp.o(i.LCD_DrawChar)
    i.LCD_DrawChar_Color                     0x08001a2c   Section        0  lcdtp.o(i.LCD_DrawChar_Color)
    i.LCD_DrawDot                            0x08001a78   Section        0  lcdtp.o(i.LCD_DrawDot)
    i.LCD_DrawString                         0x08001a9c   Section        0  lcdtp.o(i.LCD_DrawString)
    i.LCD_DrawString_Color                   0x08001adc   Section        0  lcdtp.o(i.LCD_DrawString_Color)
    i.LCD_FillColor                          0x08001b2c   Section        0  lcdtp.o(i.LCD_FillColor)
    i.LCD_GramScan                           0x08001b48   Section        0  lcdtp.o(i.LCD_GramScan)
    i.LCD_INIT                               0x08001bd0   Section        0  lcdtp.o(i.LCD_INIT)
    i.LCD_OpenWindow                         0x08001bf8   Section        0  lcdtp.o(i.LCD_OpenWindow)
    i.LCD_REG_Config                         0x08001c38   Section        0  lcdtp.o(i.LCD_REG_Config)
    i.LCD_Rst                                0x08001db0   Section        0  lcdtp.o(i.LCD_Rst)
    i.LCD_drawImage                          0x08001de4   Section        0  lcdtp.o(i.LCD_drawImage)
    i.MX_FSMC_Init                           0x08001e3c   Section        0  main_1.o(i.MX_FSMC_Init)
    MX_FSMC_Init                             0x08001e3d   Thumb Code   100  main_1.o(i.MX_FSMC_Init)
    i.MX_GPIO_Init                           0x08001eac   Section        0  main_1.o(i.MX_GPIO_Init)
    MX_GPIO_Init                             0x08001ead   Thumb Code   272  main_1.o(i.MX_GPIO_Init)
    i.MX_TIM2_Init                           0x08001fd4   Section        0  main_1.o(i.MX_TIM2_Init)
    MX_TIM2_Init                             0x08001fd5   Thumb Code   120  main_1.o(i.MX_TIM2_Init)
    i.MX_TIM4_Init                           0x08002050   Section        0  main_1.o(i.MX_TIM4_Init)
    MX_TIM4_Init                             0x08002051   Thumb Code   136  main_1.o(i.MX_TIM4_Init)
    i.MemManage_Handler                      0x080020e4   Section        0  stm32f1xx_it.o(i.MemManage_Handler)
    i.NMI_Handler                            0x080020e6   Section        0  stm32f1xx_it.o(i.NMI_Handler)
    i.NVIC_SetPriority                       0x080020e8   Section        0  stm32f1xx_hal_cortex.o(i.NVIC_SetPriority)
    NVIC_SetPriority                         0x080020e9   Thumb Code    32  stm32f1xx_hal_cortex.o(i.NVIC_SetPriority)
    i.PendSV_Handler                         0x08002108   Section        0  stm32f1xx_it.o(i.PendSV_Handler)
    i.Rickroll                               0x0800210c   Section        0  tone.o(i.Rickroll)
    i.Ringbuf_init                           0x08002178   Section        0  uartringbuffer_multi.o(i.Ringbuf_init)
    i.SVC_Handler                            0x080021b0   Section        0  stm32f1xx_it.o(i.SVC_Handler)
    i.SysTick_Handler                        0x080021b2   Section        0  stm32f1xx_it.o(i.SysTick_Handler)
    i.SystemClock_Config                     0x080021b6   Section        0  main_1.o(i.SystemClock_Config)
    i.SystemInit                             0x08002210   Section        0  system_stm32f1xx.o(i.SystemInit)
    i.TIM_Base_SetConfig                     0x08002258   Section        0  stm32f1xx_hal_tim.o(i.TIM_Base_SetConfig)
    i.TIM_CCxChannelCmd                      0x080022e4   Section        0  stm32f1xx_hal_tim.o(i.TIM_CCxChannelCmd)
    i.TIM_ETR_SetConfig                      0x080022fa   Section        0  stm32f1xx_hal_tim.o(i.TIM_ETR_SetConfig)
    TIM_ETR_SetConfig                        0x080022fb   Thumb Code    20  stm32f1xx_hal_tim.o(i.TIM_ETR_SetConfig)
    i.TIM_ITRx_SetConfig                     0x0800230e   Section        0  stm32f1xx_hal_tim.o(i.TIM_ITRx_SetConfig)
    TIM_ITRx_SetConfig                       0x0800230f   Thumb Code    16  stm32f1xx_hal_tim.o(i.TIM_ITRx_SetConfig)
    i.TIM_OC1_SetConfig                      0x08002320   Section        0  stm32f1xx_hal_tim.o(i.TIM_OC1_SetConfig)
    TIM_OC1_SetConfig                        0x08002321   Thumb Code    88  stm32f1xx_hal_tim.o(i.TIM_OC1_SetConfig)
    i.TIM_OC2_SetConfig                      0x08002380   Section        0  stm32f1xx_hal_tim.o(i.TIM_OC2_SetConfig)
    i.TIM_OC3_SetConfig                      0x080023ec   Section        0  stm32f1xx_hal_tim.o(i.TIM_OC3_SetConfig)
    TIM_OC3_SetConfig                        0x080023ed   Thumb Code    96  stm32f1xx_hal_tim.o(i.TIM_OC3_SetConfig)
    i.TIM_OC4_SetConfig                      0x08002454   Section        0  stm32f1xx_hal_tim.o(i.TIM_OC4_SetConfig)
    TIM_OC4_SetConfig                        0x08002455   Thumb Code    70  stm32f1xx_hal_tim.o(i.TIM_OC4_SetConfig)
    i.TIM_SlaveTimer_SetConfig               0x080024a4   Section        0  stm32f1xx_hal_tim.o(i.TIM_SlaveTimer_SetConfig)
    TIM_SlaveTimer_SetConfig                 0x080024a5   Thumb Code   124  stm32f1xx_hal_tim.o(i.TIM_SlaveTimer_SetConfig)
    i.TIM_TI1_ConfigInputStage               0x08002520   Section        0  stm32f1xx_hal_tim.o(i.TIM_TI1_ConfigInputStage)
    TIM_TI1_ConfigInputStage                 0x08002521   Thumb Code    34  stm32f1xx_hal_tim.o(i.TIM_TI1_ConfigInputStage)
    i.TIM_TI2_ConfigInputStage               0x08002542   Section        0  stm32f1xx_hal_tim.o(i.TIM_TI2_ConfigInputStage)
    TIM_TI2_ConfigInputStage                 0x08002543   Thumb Code    36  stm32f1xx_hal_tim.o(i.TIM_TI2_ConfigInputStage)
    i.UART4_IRQHandler                       0x08002568   Section        0  stm32f1xx_it.o(i.UART4_IRQHandler)
    i.UART_DMAAbortOnError                   0x08002574   Section        0  stm32f1xx_hal_uart.o(i.UART_DMAAbortOnError)
    UART_DMAAbortOnError                     0x08002575   Thumb Code    16  stm32f1xx_hal_uart.o(i.UART_DMAAbortOnError)
    i.UART_EndRxTransfer                     0x08002584   Section        0  stm32f1xx_hal_uart.o(i.UART_EndRxTransfer)
    UART_EndRxTransfer                       0x08002585   Thumb Code    28  stm32f1xx_hal_uart.o(i.UART_EndRxTransfer)
    i.UART_Receive_IT                        0x080025a0   Section        0  stm32f1xx_hal_uart.o(i.UART_Receive_IT)
    UART_Receive_IT                          0x080025a1   Thumb Code   150  stm32f1xx_hal_uart.o(i.UART_Receive_IT)
    i.UART_SetConfig                         0x08002638   Section        0  stm32f1xx_hal_uart.o(i.UART_SetConfig)
    UART_SetConfig                           0x08002639   Thumb Code   364  stm32f1xx_hal_uart.o(i.UART_SetConfig)
    i.UART_Transmit_IT                       0x080027a8   Section        0  stm32f1xx_hal_uart.o(i.UART_Transmit_IT)
    UART_Transmit_IT                         0x080027a9   Thumb Code    98  stm32f1xx_hal_uart.o(i.UART_Transmit_IT)
    i.USART1_IRQHandler                      0x0800280c   Section        0  stm32f1xx_it.o(i.USART1_IRQHandler)
    i.Uart_isr                               0x08002818   Section        0  uartringbuffer_multi.o(i.Uart_isr)
    i.Uart_sendstring                        0x08002884   Section        0  uartringbuffer_multi.o(i.Uart_sendstring)
    i.Uart_write                             0x0800289c   Section        0  uartringbuffer_multi.o(i.Uart_write)
    i.UsageFault_Handler                     0x080028d4   Section        0  stm32f1xx_it.o(i.UsageFault_Handler)
    i.XPT2046_DelayUS                        0x080028d6   Section        0  xpt2046.o(i.XPT2046_DelayUS)
    XPT2046_DelayUS                          0x080028d7   Thumb Code    24  xpt2046.o(i.XPT2046_DelayUS)
    i.XPT2046_Get_TouchedPoint               0x080028ee   Section        0  xpt2046.o(i.XPT2046_Get_TouchedPoint)
    i.XPT2046_ReadAdc                        0x08002984   Section        0  xpt2046.o(i.XPT2046_ReadAdc)
    XPT2046_ReadAdc                          0x08002985   Thumb Code    82  xpt2046.o(i.XPT2046_ReadAdc)
    i.XPT2046_ReadAdc_Smooth_XY              0x080029dc   Section        0  xpt2046.o(i.XPT2046_ReadAdc_Smooth_XY)
    XPT2046_ReadAdc_Smooth_XY                0x080029dd   Thumb Code   298  xpt2046.o(i.XPT2046_ReadAdc_Smooth_XY)
    i.XPT2046_ReadAdc_XY                     0x08002b10   Section        0  xpt2046.o(i.XPT2046_ReadAdc_XY)
    i.XPT2046_WriteCMD                       0x08002b30   Section        0  xpt2046.o(i.XPT2046_WriteCMD)
    XPT2046_WriteCMD                         0x08002b31   Thumb Code    96  xpt2046.o(i.XPT2046_WriteCMD)
    i._is_digit                              0x08002b94   Section        0  __printf_wp.o(i._is_digit)
    i.bigNumber                              0x08002ba4   Section        0  interface.o(i.bigNumber)
    i.breakSelection                         0x08002d74   Section        0  interface.o(i.breakSelection)
    i.button                                 0x08002e54   Section        0  interface.o(i.button)
    i.checkButton                            0x08002ea4   Section        0  interface.o(i.checkButton)
    i.famMart                                0x08002f2c   Section        0  tone.o(i.famMart)
    i.focusSelection                         0x08002fb4   Section        0  interface.o(i.focusSelection)
    i.loading                                0x080030bc   Section        0  interface.o(i.loading)
    i.main                                   0x08003170   Section        0  main_1.o(i.main)
    i.mainMenu                               0x080036cc   Section        0  interface.o(i.mainMenu)
    i.mii                                    0x08003818   Section        0  tone.o(i.mii)
    i.myCheck                                0x080038f4   Section        0  xpt2046.o(i.myCheck)
    i.reminder                               0x08003904   Section        0  interface.o(i.reminder)
    i.store_char                             0x08003b8c   Section        0  uartringbuffer_multi.o(i.store_char)
    i.timerCount                             0x08003ba4   Section        0  interface.o(i.timerCount)
    i.timerEnds                              0x080040e8   Section        0  main_1.o(i.timerEnds)
    i.timerScreen                            0x0800414c   Section        0  interface.o(i.timerScreen)
    i.tone                                   0x0800445c   Section        0  main_1.o(i.tone)
    i.touch2Display                          0x08004484   Section        0  interface.o(i.touch2Display)
    i.updateBrainData                        0x08004500   Section        0  main_1.o(i.updateBrainData)
    i.user_pwm_set_frequency                 0x080045d4   Section        0  main_1.o(i.user_pwm_set_frequency)
    i.volumeSet                              0x080045ec   Section        0  interface.o(i.volumeSet)
    x$fpl$dadd                               0x0800474c   Section      336  daddsub_clz.o(x$fpl$dadd)
    _dadd1                                   0x0800475d   Thumb Code     0  daddsub_clz.o(x$fpl$dadd)
    x$fpl$dfixu                              0x0800489c   Section       90  dfixu.o(x$fpl$dfixu)
    x$fpl$dfltu                              0x080048f6   Section       38  dflt_clz.o(x$fpl$dfltu)
    x$fpl$dmul                               0x0800491c   Section      340  dmul.o(x$fpl$dmul)
    x$fpl$dnaninf                            0x08004a70   Section      156  dnaninf.o(x$fpl$dnaninf)
    x$fpl$dretinf                            0x08004b0c   Section       12  dretinf.o(x$fpl$dretinf)
    x$fpl$dsub                               0x08004b18   Section      468  daddsub_clz.o(x$fpl$dsub)
    _dsub1                                   0x08004b29   Thumb Code     0  daddsub_clz.o(x$fpl$dsub)
    x$fpl$fadd                               0x08004cec   Section      196  faddsub_clz.o(x$fpl$fadd)
    _fadd1                                   0x08004cfb   Thumb Code     0  faddsub_clz.o(x$fpl$fadd)
    x$fpl$fdiv                               0x08004db0   Section      388  fdiv.o(x$fpl$fdiv)
    _fdiv1                                   0x08004db1   Thumb Code     0  fdiv.o(x$fpl$fdiv)
    x$fpl$ffix                               0x08004f34   Section       54  ffix.o(x$fpl$ffix)
    x$fpl$fflt                               0x08004f6c   Section       48  fflt_clz.o(x$fpl$fflt)
    x$fpl$fmul                               0x08004f9c   Section      258  fmul.o(x$fpl$fmul)
    x$fpl$fnaninf                            0x0800509e   Section      140  fnaninf.o(x$fpl$fnaninf)
    x$fpl$fretinf                            0x0800512a   Section       10  fretinf.o(x$fpl$fretinf)
    x$fpl$frsb                               0x08005134   Section       20  faddsub_clz.o(x$fpl$frsb)
    x$fpl$fsub                               0x08005148   Section      234  faddsub_clz.o(x$fpl$fsub)
    _fsub1                                   0x08005157   Thumb Code     0  faddsub_clz.o(x$fpl$fsub)
    .constdata                               0x08005232   Section     1520  lcdtp.o(.constdata)
    x$fpl$usenofp                            0x08005232   Section        0  usenofp.o(x$fpl$usenofp)
    .constdata                               0x08005822   Section     3200  image.o(.constdata)
    .constdata                               0x080064a2   Section       16  system_stm32f1xx.o(.constdata)
    .constdata                               0x080064b2   Section        8  system_stm32f1xx.o(.constdata)
    .constdata                               0x080064ba   Section       40  _printf_hex_int.o(.constdata)
    uc_hextab                                0x080064ba   Data          20  _printf_hex_int.o(.constdata)
    lc_hextab                                0x080064ce   Data          20  _printf_hex_int.o(.constdata)
    .constdata                               0x080064e2   Section       17  __printf_flags_wp.o(.constdata)
    maptable                                 0x080064e2   Data          17  __printf_flags_wp.o(.constdata)
    .data                                    0x20000000   Section       56  xpt2046.o(.data)
    .data                                    0x20000038   Section        4  interface.o(.data)
    pointX                                   0x20000038   Data           2  interface.o(.data)
    pointY                                   0x2000003a   Data           2  interface.o(.data)
    .data                                    0x2000003c   Section       16  main_1.o(.data)
    .data                                    0x2000004c   Section        8  stm32f1xx_hal_msp.o(.data)
    FSMC_Initialized                         0x2000004c   Data           4  stm32f1xx_hal_msp.o(.data)
    FSMC_DeInitialized                       0x20000050   Data           4  stm32f1xx_hal_msp.o(.data)
    .data                                    0x20000054   Section       16  uartringbuffer_multi.o(.data)
    .data                                    0x20000064   Section       12  stm32f1xx_hal.o(.data)
    .data                                    0x20000070   Section        4  system_stm32f1xx.o(.data)
    .bss                                     0x20000074   Section       80  interface.o(.bss)
    charData                                 0x20000074   Data          80  interface.o(.bss)
    .bss                                     0x200000c4   Section      660  main_1.o(.bss)
    .bss                                     0x20000358   Section      288  uartringbuffer_multi.o(.bss)
    .bss                                     0x20000478   Section       60  brain_datatypedef.o(.bss)
    .bss                                     0x200004b4   Section       96  libspace.o(.bss)
    HEAP                                     0x20000518   Section     2048  startup_stm32f103xe.o(HEAP)
    Heap_Mem                                 0x20000518   Data        2048  startup_stm32f103xe.o(HEAP)
    STACK                                    0x20000d18   Section     2048  startup_stm32f103xe.o(STACK)
    Stack_Mem                                0x20000d18   Data        2048  startup_stm32f103xe.o(STACK)
    __initial_sp                             0x20001518   Data           0  startup_stm32f103xe.o(STACK)

    Global Symbols

    Symbol Name                              Value     Ov Type        Size  Object(Section)

    BuildAttributes$$THM_ISAv4$P$D$K$B$S$PE$A:L22UL41UL21$X:L11$S22US41US21$IEEE1$IW$USESV6$~STKCKD$USESV7$~SHL$OSPACE$ROPI$EBA8$UX$STANDARDLIB$REQ8$PRES8$EABIv2 0x00000000   Number         0  anon$$obj.o ABSOLUTE
    __ARM_use_no_argv                        0x00000000   Number         0  main_1.o ABSOLUTE
    _printf_flags                            0x00000000   Number         0  printf_stubs.o ABSOLUTE
    _printf_return_value                     0x00000000   Number         0  printf_stubs.o ABSOLUTE
    _printf_sizespec                         0x00000000   Number         0  printf_stubs.o ABSOLUTE
    _printf_widthprec                        0x00000000   Number         0  printf_stubs.o ABSOLUTE
    __ARM_exceptions_init                     - Undefined Weak Reference
    __alloca_initialize                       - Undefined Weak Reference
    __arm_preinit_                            - Undefined Weak Reference
    __cpp_initialize__aeabi_                  - Undefined Weak Reference
    __cxa_finalize                            - Undefined Weak Reference
    __rt_locale                               - Undefined Weak Reference
    __sigvec_lookup                           - Undefined Weak Reference
    _atexit_init                              - Undefined Weak Reference
    _call_atexit_fns                          - Undefined Weak Reference
    _clock_init                               - Undefined Weak Reference
    _fp_trap_init                             - Undefined Weak Reference
    _fp_trap_shutdown                         - Undefined Weak Reference
    _get_lc_collate                           - Undefined Weak Reference
    _get_lc_ctype                             - Undefined Weak Reference
    _get_lc_monetary                          - Undefined Weak Reference
    _get_lc_numeric                           - Undefined Weak Reference
    _get_lc_time                              - Undefined Weak Reference
    _getenv_init                              - Undefined Weak Reference
    _handle_redirection                       - Undefined Weak Reference
    _init_alloc                               - Undefined Weak Reference
    _init_user_alloc                          - Undefined Weak Reference
    _initio                                   - Undefined Weak Reference
    _printf_truncate_signed                   - Undefined Weak Reference
    _printf_truncate_unsigned                 - Undefined Weak Reference
    _rand_init                                - Undefined Weak Reference
    _signal_finish                            - Undefined Weak Reference
    _signal_init                              - Undefined Weak Reference
    _terminate_alloc                          - Undefined Weak Reference
    _terminate_user_alloc                     - Undefined Weak Reference
    _terminateio                              - Undefined Weak Reference
    __Vectors_Size                           0x00000130   Number         0  startup_stm32f103xe.o ABSOLUTE
    __Vectors                                0x08000000   Data           4  startup_stm32f103xe.o(RESET)
    __Vectors_End                            0x08000130   Data           0  startup_stm32f103xe.o(RESET)
    __main                                   0x08000131   Thumb Code     8  __main.o(!!!main)
    __scatterload                            0x08000139   Thumb Code     0  __scatter.o(!!!scatter)
    __scatterload_rt2                        0x08000139   Thumb Code    44  __scatter.o(!!!scatter)
    __scatterload_rt2_thumb_only             0x08000139   Thumb Code     0  __scatter.o(!!!scatter)
    __scatterload_null                       0x08000147   Thumb Code     0  __scatter.o(!!!scatter)
    __scatterload_copy                       0x0800016d   Thumb Code    26  __scatter_copy.o(!!handler_copy)
    __scatterload_zeroinit                   0x08000189   Thumb Code    28  __scatter_zi.o(!!handler_zi)
    _printf_d                                0x080001a5   Thumb Code     0  _printf_d.o(.ARM.Collect$$_printf_percent$$00000009)
    _printf_percent                          0x080001a5   Thumb Code     0  _printf_percent.o(.ARM.Collect$$_printf_percent$$00000000)
    _printf_u                                0x080001ab   Thumb Code     0  _printf_u.o(.ARM.Collect$$_printf_percent$$0000000A)
    _printf_x                                0x080001b1   Thumb Code     0  _printf_x.o(.ARM.Collect$$_printf_percent$$0000000C)
    _printf_percent_end                      0x080001b7   Thumb Code     0  _printf_percent_end.o(.ARM.Collect$$_printf_percent$$00000017)
    __rt_lib_init                            0x080001bb   Thumb Code     0  libinit.o(.ARM.Collect$$libinit$$00000000)
    __rt_lib_init_alloca_1                   0x080001bd   Thumb Code     0  libinit2.o(.ARM.Collect$$libinit$$0000002E)
    __rt_lib_init_argv_1                     0x080001bd   Thumb Code     0  libinit2.o(.ARM.Collect$$libinit$$0000002C)
    __rt_lib_init_atexit_1                   0x080001bd   Thumb Code     0  libinit2.o(.ARM.Collect$$libinit$$0000001B)
    __rt_lib_init_clock_1                    0x080001bd   Thumb Code     0  libinit2.o(.ARM.Collect$$libinit$$00000021)
    __rt_lib_init_cpp_1                      0x080001bd   Thumb Code     0  libinit2.o(.ARM.Collect$$libinit$$00000032)
    __rt_lib_init_exceptions_1               0x080001bd   Thumb Code     0  libinit2.o(.ARM.Collect$$libinit$$00000030)
    __rt_lib_init_fp_1                       0x080001bd   Thumb Code     0  libinit2.o(.ARM.Collect$$libinit$$00000002)
    __rt_lib_init_fp_trap_1                  0x080001bd   Thumb Code     0  libinit2.o(.ARM.Collect$$libinit$$0000001F)
    __rt_lib_init_getenv_1                   0x080001bd   Thumb Code     0  libinit2.o(.ARM.Collect$$libinit$$00000023)
    __rt_lib_init_heap_1                     0x080001bd   Thumb Code     0  libinit2.o(.ARM.Collect$$libinit$$0000000A)
    __rt_lib_init_lc_collate_1               0x080001bd   Thumb Code     0  libinit2.o(.ARM.Collect$$libinit$$00000011)
    __rt_lib_init_lc_ctype_1                 0x080001bd   Thumb Code     0  libinit2.o(.ARM.Collect$$libinit$$00000013)
    __rt_lib_init_lc_monetary_1              0x080001bd   Thumb Code     0  libinit2.o(.ARM.Collect$$libinit$$00000015)
    __rt_lib_init_lc_numeric_1               0x080001bd   Thumb Code     0  libinit2.o(.ARM.Collect$$libinit$$00000017)
    __rt_lib_init_lc_time_1                  0x080001bd   Thumb Code     0  libinit2.o(.ARM.Collect$$libinit$$00000019)
    __rt_lib_init_preinit_1                  0x080001bd   Thumb Code     0  libinit2.o(.ARM.Collect$$libinit$$00000004)
    __rt_lib_init_rand_1                     0x080001bd   Thumb Code     0  libinit2.o(.ARM.Collect$$libinit$$0000000E)
    __rt_lib_init_return                     0x080001bd   Thumb Code     0  libinit2.o(.ARM.Collect$$libinit$$00000033)
    __rt_lib_init_signal_1                   0x080001bd   Thumb Code     0  libinit2.o(.ARM.Collect$$libinit$$0000001D)
    __rt_lib_init_stdio_1                    0x080001bd   Thumb Code     0  libinit2.o(.ARM.Collect$$libinit$$00000025)
    __rt_lib_init_user_alloc_1               0x080001bd   Thumb Code     0  libinit2.o(.ARM.Collect$$libinit$$0000000C)
    __rt_lib_shutdown                        0x080001bf   Thumb Code     0  libshutdown.o(.ARM.Collect$$libshutdown$$00000000)
    __rt_lib_shutdown_cpp_1                  0x080001c1   Thumb Code     0  libshutdown2.o(.ARM.Collect$$libshutdown$$00000002)
    __rt_lib_shutdown_fp_trap_1              0x080001c1   Thumb Code     0  libshutdown2.o(.ARM.Collect$$libshutdown$$00000007)
    __rt_lib_shutdown_heap_1                 0x080001c1   Thumb Code     0  libshutdown2.o(.ARM.Collect$$libshutdown$$0000000F)
    __rt_lib_shutdown_return                 0x080001c1   Thumb Code     0  libshutdown2.o(.ARM.Collect$$libshutdown$$00000010)
    __rt_lib_shutdown_signal_1               0x080001c1   Thumb Code     0  libshutdown2.o(.ARM.Collect$$libshutdown$$0000000A)
    __rt_lib_shutdown_stdio_1                0x080001c1   Thumb Code     0  libshutdown2.o(.ARM.Collect$$libshutdown$$00000004)
    __rt_lib_shutdown_user_alloc_1           0x080001c1   Thumb Code     0  libshutdown2.o(.ARM.Collect$$libshutdown$$0000000C)
    __rt_entry                               0x080001c3   Thumb Code     0  __rtentry.o(.ARM.Collect$$rtentry$$00000000)
    __rt_entry_presh_1                       0x080001c3   Thumb Code     0  __rtentry2.o(.ARM.Collect$$rtentry$$00000002)
    __rt_entry_sh                            0x080001c3   Thumb Code     0  __rtentry4.o(.ARM.Collect$$rtentry$$00000004)
    __rt_entry_li                            0x080001c9   Thumb Code     0  __rtentry2.o(.ARM.Collect$$rtentry$$0000000A)
    __rt_entry_postsh_1                      0x080001c9   Thumb Code     0  __rtentry2.o(.ARM.Collect$$rtentry$$00000009)
    __rt_entry_main                          0x080001cd   Thumb Code     0  __rtentry2.o(.ARM.Collect$$rtentry$$0000000D)
    __rt_entry_postli_1                      0x080001cd   Thumb Code     0  __rtentry2.o(.ARM.Collect$$rtentry$$0000000C)
    __rt_exit                                0x080001d5   Thumb Code     0  rtexit.o(.ARM.Collect$$rtexit$$00000000)
    __rt_exit_ls                             0x080001d7   Thumb Code     0  rtexit2.o(.ARM.Collect$$rtexit$$00000003)
    __rt_exit_prels_1                        0x080001d7   Thumb Code     0  rtexit2.o(.ARM.Collect$$rtexit$$00000002)
    __rt_exit_exit                           0x080001db   Thumb Code     0  rtexit2.o(.ARM.Collect$$rtexit$$00000004)
    Reset_Handler                            0x080001e1   Thumb Code     8  startup_stm32f103xe.o(.text)
    ADC1_2_IRQHandler                        0x080001fb   Thumb Code     0  startup_stm32f103xe.o(.text)
    ADC3_IRQHandler                          0x080001fb   Thumb Code     0  startup_stm32f103xe.o(.text)
    CAN1_RX1_IRQHandler                      0x080001fb   Thumb Code     0  startup_stm32f103xe.o(.text)
    CAN1_SCE_IRQHandler                      0x080001fb   Thumb Code     0  startup_stm32f103xe.o(.text)
    DMA1_Channel1_IRQHandler                 0x080001fb   Thumb Code     0  startup_stm32f103xe.o(.text)
    DMA1_Channel2_IRQHandler                 0x080001fb   Thumb Code     0  startup_stm32f103xe.o(.text)
    DMA1_Channel3_IRQHandler                 0x080001fb   Thumb Code     0  startup_stm32f103xe.o(.text)
    DMA1_Channel4_IRQHandler                 0x080001fb   Thumb Code     0  startup_stm32f103xe.o(.text)
    DMA1_Channel5_IRQHandler                 0x080001fb   Thumb Code     0  startup_stm32f103xe.o(.text)
    DMA1_Channel6_IRQHandler                 0x080001fb   Thumb Code     0  startup_stm32f103xe.o(.text)
    DMA1_Channel7_IRQHandler                 0x080001fb   Thumb Code     0  startup_stm32f103xe.o(.text)
    DMA2_Channel1_IRQHandler                 0x080001fb   Thumb Code     0  startup_stm32f103xe.o(.text)
    DMA2_Channel2_IRQHandler                 0x080001fb   Thumb Code     0  startup_stm32f103xe.o(.text)
    DMA2_Channel3_IRQHandler                 0x080001fb   Thumb Code     0  startup_stm32f103xe.o(.text)
    DMA2_Channel4_5_IRQHandler               0x080001fb   Thumb Code     0  startup_stm32f103xe.o(.text)
    EXTI0_IRQHandler                         0x080001fb   Thumb Code     0  startup_stm32f103xe.o(.text)
    EXTI15_10_IRQHandler                     0x080001fb   Thumb Code     0  startup_stm32f103xe.o(.text)
    EXTI1_IRQHandler                         0x080001fb   Thumb Code     0  startup_stm32f103xe.o(.text)
    EXTI2_IRQHandler                         0x080001fb   Thumb Code     0  startup_stm32f103xe.o(.text)
    EXTI3_IRQHandler                         0x080001fb   Thumb Code     0  startup_stm32f103xe.o(.text)
    EXTI9_5_IRQHandler                       0x080001fb   Thumb Code     0  startup_stm32f103xe.o(.text)
    FLASH_IRQHandler                         0x080001fb   Thumb Code     0  startup_stm32f103xe.o(.text)
    FSMC_IRQHandler                          0x080001fb   Thumb Code     0  startup_stm32f103xe.o(.text)
    I2C1_ER_IRQHandler                       0x080001fb   Thumb Code     0  startup_stm32f103xe.o(.text)
    I2C1_EV_IRQHandler                       0x080001fb   Thumb Code     0  startup_stm32f103xe.o(.text)
    I2C2_ER_IRQHandler                       0x080001fb   Thumb Code     0  startup_stm32f103xe.o(.text)
    I2C2_EV_IRQHandler                       0x080001fb   Thumb Code     0  startup_stm32f103xe.o(.text)
    PVD_IRQHandler                           0x080001fb   Thumb Code     0  startup_stm32f103xe.o(.text)
    RCC_IRQHandler                           0x080001fb   Thumb Code     0  startup_stm32f103xe.o(.text)
    RTC_Alarm_IRQHandler                     0x080001fb   Thumb Code     0  startup_stm32f103xe.o(.text)
    RTC_IRQHandler                           0x080001fb   Thumb Code     0  startup_stm32f103xe.o(.text)
    SDIO_IRQHandler                          0x080001fb   Thumb Code     0  startup_stm32f103xe.o(.text)
    SPI1_IRQHandler                          0x080001fb   Thumb Code     0  startup_stm32f103xe.o(.text)
    SPI2_IRQHandler                          0x080001fb   Thumb Code     0  startup_stm32f103xe.o(.text)
    SPI3_IRQHandler                          0x080001fb   Thumb Code     0  startup_stm32f103xe.o(.text)
    TAMPER_IRQHandler                        0x080001fb   Thumb Code     0  startup_stm32f103xe.o(.text)
    TIM1_BRK_IRQHandler                      0x080001fb   Thumb Code     0  startup_stm32f103xe.o(.text)
    TIM1_CC_IRQHandler                       0x080001fb   Thumb Code     0  startup_stm32f103xe.o(.text)
    TIM1_TRG_COM_IRQHandler                  0x080001fb   Thumb Code     0  startup_stm32f103xe.o(.text)
    TIM1_UP_IRQHandler                       0x080001fb   Thumb Code     0  startup_stm32f103xe.o(.text)
    TIM2_IRQHandler                          0x080001fb   Thumb Code     0  startup_stm32f103xe.o(.text)
    TIM3_IRQHandler                          0x080001fb   Thumb Code     0  startup_stm32f103xe.o(.text)
    TIM4_IRQHandler                          0x080001fb   Thumb Code     0  startup_stm32f103xe.o(.text)
    TIM5_IRQHandler                          0x080001fb   Thumb Code     0  startup_stm32f103xe.o(.text)
    TIM6_IRQHandler                          0x080001fb   Thumb Code     0  startup_stm32f103xe.o(.text)
    TIM7_IRQHandler                          0x080001fb   Thumb Code     0  startup_stm32f103xe.o(.text)
    TIM8_BRK_IRQHandler                      0x080001fb   Thumb Code     0  startup_stm32f103xe.o(.text)
    TIM8_CC_IRQHandler                       0x080001fb   Thumb Code     0  startup_stm32f103xe.o(.text)
    TIM8_TRG_COM_IRQHandler                  0x080001fb   Thumb Code     0  startup_stm32f103xe.o(.text)
    TIM8_UP_IRQHandler                       0x080001fb   Thumb Code     0  startup_stm32f103xe.o(.text)
    UART5_IRQHandler                         0x080001fb   Thumb Code     0  startup_stm32f103xe.o(.text)
    USART2_IRQHandler                        0x080001fb   Thumb Code     0  startup_stm32f103xe.o(.text)
    USART3_IRQHandler                        0x080001fb   Thumb Code     0  startup_stm32f103xe.o(.text)
    USBWakeUp_IRQHandler                     0x080001fb   Thumb Code     0  startup_stm32f103xe.o(.text)
    USB_HP_CAN1_TX_IRQHandler                0x080001fb   Thumb Code     0  startup_stm32f103xe.o(.text)
    USB_LP_CAN1_RX0_IRQHandler               0x080001fb   Thumb Code     0  startup_stm32f103xe.o(.text)
    WWDG_IRQHandler                          0x080001fb   Thumb Code     0  startup_stm32f103xe.o(.text)
    __user_initial_stackheap                 0x080001fd   Thumb Code     0  startup_stm32f103xe.o(.text)
    __2sprintf                               0x08000221   Thumb Code    34  noretval__2sprintf.o(.text)
    _printf_pre_padding                      0x08000249   Thumb Code    44  _printf_pad.o(.text)
    _printf_post_padding                     0x08000275   Thumb Code    34  _printf_pad.o(.text)
    _printf_int_dec                          0x08000299   Thumb Code   104  _printf_dec.o(.text)
    _printf_int_hex                          0x08000311   Thumb Code    84  _printf_hex_int.o(.text)
    _printf_longlong_hex                     0x08000311   Thumb Code     0  _printf_hex_int.o(.text)
    __printf                                 0x08000369   Thumb Code   308  __printf_flags_wp.o(.text)
    __aeabi_memclr4                          0x080004a1   Thumb Code     0  rt_memclr_w.o(.text)
    __aeabi_memclr8                          0x080004a1   Thumb Code     0  rt_memclr_w.o(.text)
    __rt_memclr_w                            0x080004a1   Thumb Code    78  rt_memclr_w.o(.text)
    _memset_w                                0x080004a5   Thumb Code     0  rt_memclr_w.o(.text)
    __use_two_region_memory                  0x080004ef   Thumb Code     2  heapauxi.o(.text)
    __rt_heap_escrow$2region                 0x080004f1   Thumb Code     2  heapauxi.o(.text)
    __rt_heap_expand$2region                 0x080004f3   Thumb Code     2  heapauxi.o(.text)
    _printf_int_common                       0x080004f5   Thumb Code   178  _printf_intcommon.o(.text)
    _printf_char_common                      0x080005b3   Thumb Code    32  _printf_char_common.o(.text)
    _sputc                                   0x080005d9   Thumb Code    10  _sputc.o(.text)
    __user_setup_stackheap                   0x080005e3   Thumb Code    74  sys_stackheap_outer.o(.text)
    exit                                     0x0800062d   Thumb Code    18  exit.o(.text)
    __user_libspace                          0x08000641   Thumb Code     8  libspace.o(.text)
    __user_perproc_libspace                  0x08000641   Thumb Code     0  libspace.o(.text)
    __user_perthread_libspace                0x08000641   Thumb Code     0  libspace.o(.text)
    _sys_exit                                0x08000649   Thumb Code     8  sys_exit.o(.text)
    __I$use$semihosting                      0x08000655   Thumb Code     0  use_no_semi.o(.text)
    __use_no_semihosting_swi                 0x08000655   Thumb Code     2  use_no_semi.o(.text)
    BusFault_Handler                         0x08000657   Thumb Code     2  stm32f1xx_it.o(i.BusFault_Handler)
    __semihosting_library_function           0x08000657   Thumb Code     0  indicate_semi.o(.text)
    Check_touchkey                           0x08000659   Thumb Code    46  xpt2046.o(i.Check_touchkey)
    DebugMon_Handler                         0x08000691   Thumb Code     2  stm32f1xx_it.o(i.DebugMon_Handler)
    Delay                                    0x08000693   Thumb Code    16  lcdtp.o(i.Delay)
    EXTI4_IRQHandler                         0x080006a3   Thumb Code     6  stm32f1xx_it.o(i.EXTI4_IRQHandler)
    FSMC_NORSRAM_Extended_Timing_Init        0x080006a9   Thumb Code    56  stm32f1xx_ll_fsmc.o(i.FSMC_NORSRAM_Extended_Timing_Init)
    FSMC_NORSRAM_Init                        0x080006e5   Thumb Code   148  stm32f1xx_ll_fsmc.o(i.FSMC_NORSRAM_Init)
    FSMC_NORSRAM_Timing_Init                 0x0800077d   Thumb Code    64  stm32f1xx_ll_fsmc.o(i.FSMC_NORSRAM_Timing_Init)
    HAL_DMA_Abort_IT                         0x080007c1   Thumb Code   296  stm32f1xx_hal_dma.o(i.HAL_DMA_Abort_IT)
    HAL_Delay                                0x080008f1   Thumb Code    32  stm32f1xx_hal.o(i.HAL_Delay)
    HAL_GPIO_EXTI_Callback                   0x0800097d   Thumb Code     2  stm32f1xx_hal_gpio.o(i.HAL_GPIO_EXTI_Callback)
    HAL_GPIO_EXTI_IRQHandler                 0x08000981   Thumb Code    18  stm32f1xx_hal_gpio.o(i.HAL_GPIO_EXTI_IRQHandler)
    HAL_GPIO_Init                            0x08000999   Thumb Code   446  stm32f1xx_hal_gpio.o(i.HAL_GPIO_Init)
    HAL_GPIO_ReadPin                         0x08000b81   Thumb Code    10  stm32f1xx_hal_gpio.o(i.HAL_GPIO_ReadPin)
    HAL_GPIO_TogglePin                       0x08000b8b   Thumb Code     8  stm32f1xx_hal_gpio.o(i.HAL_GPIO_TogglePin)
    HAL_GPIO_WritePin                        0x08000b93   Thumb Code    10  stm32f1xx_hal_gpio.o(i.HAL_GPIO_WritePin)
    HAL_GetTick                              0x08000b9d   Thumb Code     6  stm32f1xx_hal.o(i.HAL_GetTick)
    HAL_IncTick                              0x08000ba9   Thumb Code    12  stm32f1xx_hal.o(i.HAL_IncTick)
    HAL_Init                                 0x08000bb9   Thumb Code    32  stm32f1xx_hal.o(i.HAL_Init)
    HAL_InitTick                             0x08000bdd   Thumb Code    54  stm32f1xx_hal.o(i.HAL_InitTick)
    HAL_MspInit                              0x08000c1d   Thumb Code    52  stm32f1xx_hal_msp.o(i.HAL_MspInit)
    HAL_NVIC_EnableIRQ                       0x08000c59   Thumb Code    22  stm32f1xx_hal_cortex.o(i.HAL_NVIC_EnableIRQ)
    HAL_NVIC_SetPriority                     0x08000c71   Thumb Code    60  stm32f1xx_hal_cortex.o(i.HAL_NVIC_SetPriority)
    HAL_NVIC_SetPriorityGrouping             0x08000cb1   Thumb Code    26  stm32f1xx_hal_cortex.o(i.HAL_NVIC_SetPriorityGrouping)
    HAL_RCC_ClockConfig                      0x08000cd5   Thumb Code   346  stm32f1xx_hal_rcc.o(i.HAL_RCC_ClockConfig)
    HAL_RCC_GetPCLK1Freq                     0x08000e41   Thumb Code    20  stm32f1xx_hal_rcc.o(i.HAL_RCC_GetPCLK1Freq)
    HAL_RCC_GetPCLK2Freq                     0x08000e61   Thumb Code    20  stm32f1xx_hal_rcc.o(i.HAL_RCC_GetPCLK2Freq)
    HAL_RCC_GetSysClockFreq                  0x08000e81   Thumb Code    74  stm32f1xx_hal_rcc.o(i.HAL_RCC_GetSysClockFreq)
    HAL_RCC_MCOConfig                        0x08000eed   Thumb Code    64  stm32f1xx_hal_rcc.o(i.HAL_RCC_MCOConfig)
    HAL_RCC_OscConfig                        0x08000f35   Thumb Code   750  stm32f1xx_hal_rcc.o(i.HAL_RCC_OscConfig)
    HAL_SRAM_Init                            0x08001239   Thumb Code    86  stm32f1xx_hal_sram.o(i.HAL_SRAM_Init)
    HAL_SRAM_MspInit                         0x0800128f   Thumb Code     4  stm32f1xx_hal_msp.o(i.HAL_SRAM_MspInit)
    HAL_SYSTICK_Config                       0x08001293   Thumb Code    40  stm32f1xx_hal_cortex.o(i.HAL_SYSTICK_Config)
    HAL_TIMEx_MasterConfigSynchronization    0x080012bb   Thumb Code    80  stm32f1xx_hal_tim_ex.o(i.HAL_TIMEx_MasterConfigSynchronization)
    HAL_TIM_Base_Init                        0x0800130b   Thumb Code    54  stm32f1xx_hal_tim.o(i.HAL_TIM_Base_Init)
    HAL_TIM_Base_MspInit                     0x08001341   Thumb Code    52  stm32f1xx_hal_msp.o(i.HAL_TIM_Base_MspInit)
    HAL_TIM_ConfigClockSource                0x0800137d   Thumb Code   242  stm32f1xx_hal_tim.o(i.HAL_TIM_ConfigClockSource)
    HAL_TIM_MspPostInit                      0x08001471   Thumb Code    98  stm32f1xx_hal_msp.o(i.HAL_TIM_MspPostInit)
    HAL_TIM_PWM_ConfigChannel                0x080014e5   Thumb Code   208  stm32f1xx_hal_tim.o(i.HAL_TIM_PWM_ConfigChannel)
    HAL_TIM_PWM_Init                         0x080015b5   Thumb Code    54  stm32f1xx_hal_tim.o(i.HAL_TIM_PWM_Init)
    HAL_TIM_PWM_MspInit                      0x080015eb   Thumb Code     2  stm32f1xx_hal_tim.o(i.HAL_TIM_PWM_MspInit)
    HAL_TIM_PWM_Start                        0x080015ed   Thumb Code    48  stm32f1xx_hal_tim.o(i.HAL_TIM_PWM_Start)
    HAL_TIM_PWM_Stop                         0x08001625   Thumb Code    84  stm32f1xx_hal_tim.o(i.HAL_TIM_PWM_Stop)
    HAL_TIM_SlaveConfigSynchronization       0x08001681   Thumb Code    66  stm32f1xx_hal_tim.o(i.HAL_TIM_SlaveConfigSynchronization)
    HAL_UART_ErrorCallback                   0x080016c3   Thumb Code     2  stm32f1xx_hal_uart.o(i.HAL_UART_ErrorCallback)
    HAL_UART_IRQHandler                      0x080016c5   Thumb Code   266  stm32f1xx_hal_uart.o(i.HAL_UART_IRQHandler)
    HAL_UART_Init                            0x080017d5   Thumb Code    98  stm32f1xx_hal_uart.o(i.HAL_UART_Init)
    HAL_UART_MspInit                         0x08001839   Thumb Code   198  stm32f1xx_hal_msp.o(i.HAL_UART_MspInit)
    HAL_UART_Receive_IT                      0x08001915   Thumb Code    82  stm32f1xx_hal_uart.o(i.HAL_UART_Receive_IT)
    HAL_UART_RxCpltCallback                  0x08001969   Thumb Code    46  main_1.o(i.HAL_UART_RxCpltCallback)
    HAL_UART_TxCpltCallback                  0x080019a5   Thumb Code     2  stm32f1xx_hal_uart.o(i.HAL_UART_TxCpltCallback)
    HardFault_Handler                        0x080019a7   Thumb Code     2  stm32f1xx_it.o(i.HardFault_Handler)
    LCD_BackLed_Control                      0x080019a9   Thumb Code    20  lcdtp.o(i.LCD_BackLed_Control)
    LCD_Clear                                0x080019c1   Thumb Code    26  lcdtp.o(i.LCD_Clear)
    LCD_DrawChar                             0x080019dd   Thumb Code    70  lcdtp.o(i.LCD_DrawChar)
    LCD_DrawChar_Color                       0x08001a2d   Thumb Code    68  lcdtp.o(i.LCD_DrawChar_Color)
    LCD_DrawDot                              0x08001a79   Thumb Code    34  lcdtp.o(i.LCD_DrawDot)
    LCD_DrawString                           0x08001a9d   Thumb Code    64  lcdtp.o(i.LCD_DrawString)
    LCD_DrawString_Color                     0x08001add   Thumb Code    80  lcdtp.o(i.LCD_DrawString_Color)
    LCD_FillColor                            0x08001b2d   Thumb Code    24  lcdtp.o(i.LCD_FillColor)
    LCD_GramScan                             0x08001b49   Thumb Code   132  lcdtp.o(i.LCD_GramScan)
    LCD_INIT                                 0x08001bd1   Thumb Code    38  lcdtp.o(i.LCD_INIT)
    LCD_OpenWindow                           0x08001bf9   Thumb Code    58  lcdtp.o(i.LCD_OpenWindow)
    LCD_REG_Config                           0x08001c39   Thumb Code   368  lcdtp.o(i.LCD_REG_Config)
    LCD_Rst                                  0x08001db1   Thumb Code    42  lcdtp.o(i.LCD_Rst)
    LCD_drawImage                            0x08001de5   Thumb Code    88  lcdtp.o(i.LCD_drawImage)
    MemManage_Handler                        0x080020e5   Thumb Code     2  stm32f1xx_it.o(i.MemManage_Handler)
    NMI_Handler                              0x080020e7   Thumb Code     2  stm32f1xx_it.o(i.NMI_Handler)
    PendSV_Handler                           0x08002109   Thumb Code     2  stm32f1xx_it.o(i.PendSV_Handler)
    Rickroll                                 0x0800210d   Thumb Code   102  tone.o(i.Rickroll)
    Ringbuf_init                             0x08002179   Thumb Code    42  uartringbuffer_multi.o(i.Ringbuf_init)
    SVC_Handler                              0x080021b1   Thumb Code     2  stm32f1xx_it.o(i.SVC_Handler)
    SysTick_Handler                          0x080021b3   Thumb Code     4  stm32f1xx_it.o(i.SysTick_Handler)
    SystemClock_Config                       0x080021b7   Thumb Code    90  main_1.o(i.SystemClock_Config)
    SystemInit                               0x08002211   Thumb Code    56  system_stm32f1xx.o(i.SystemInit)
    TIM_Base_SetConfig                       0x08002259   Thumb Code   120  stm32f1xx_hal_tim.o(i.TIM_Base_SetConfig)
    TIM_CCxChannelCmd                        0x080022e5   Thumb Code    22  stm32f1xx_hal_tim.o(i.TIM_CCxChannelCmd)
    TIM_OC2_SetConfig                        0x08002381   Thumb Code    98  stm32f1xx_hal_tim.o(i.TIM_OC2_SetConfig)
    UART4_IRQHandler                         0x08002569   Thumb Code     6  stm32f1xx_it.o(i.UART4_IRQHandler)
    USART1_IRQHandler                        0x0800280d   Thumb Code     6  stm32f1xx_it.o(i.USART1_IRQHandler)
    Uart_isr                                 0x08002819   Thumb Code    96  uartringbuffer_multi.o(i.Uart_isr)
    Uart_sendstring                          0x08002885   Thumb Code    24  uartringbuffer_multi.o(i.Uart_sendstring)
    Uart_write                               0x0800289d   Thumb Code    48  uartringbuffer_multi.o(i.Uart_write)
    UsageFault_Handler                       0x080028d5   Thumb Code     2  stm32f1xx_it.o(i.UsageFault_Handler)
    XPT2046_Get_TouchedPoint                 0x080028ef   Thumb Code   150  xpt2046.o(i.XPT2046_Get_TouchedPoint)
    XPT2046_ReadAdc_XY                       0x08002b11   Thumb Code    32  xpt2046.o(i.XPT2046_ReadAdc_XY)
    _is_digit                                0x08002b95   Thumb Code    14  __printf_wp.o(i._is_digit)
    bigNumber                                0x08002ba5   Thumb Code   464  interface.o(i.bigNumber)
    breakSelection                           0x08002d75   Thumb Code   148  interface.o(i.breakSelection)
    button                                   0x08002e55   Thumb Code    78  interface.o(i.button)
    checkButton                              0x08002ea5   Thumb Code   130  interface.o(i.checkButton)
    famMart                                  0x08002f2d   Thumb Code   132  tone.o(i.famMart)
    focusSelection                           0x08002fb5   Thumb Code   160  interface.o(i.focusSelection)
    loading                                  0x080030bd   Thumb Code   164  interface.o(i.loading)
    main                                     0x08003171   Thumb Code  1356  main_1.o(i.main)
    mainMenu                                 0x080036cd   Thumb Code   248  interface.o(i.mainMenu)
    mii                                      0x08003819   Thumb Code   214  tone.o(i.mii)
    myCheck                                  0x080038f5   Thumb Code    16  xpt2046.o(i.myCheck)
    reminder                                 0x08003905   Thumb Code   400  interface.o(i.reminder)
    store_char                               0x08003b8d   Thumb Code    22  uartringbuffer_multi.o(i.store_char)
    timerCount                               0x08003ba5   Thumb Code  1348  interface.o(i.timerCount)
    timerEnds                                0x080040e9   Thumb Code    94  main_1.o(i.timerEnds)
    timerScreen                              0x0800414d   Thumb Code   716  interface.o(i.timerScreen)
    tone                                     0x0800445d   Thumb Code    36  main_1.o(i.tone)
    touch2Display                            0x08004485   Thumb Code   100  interface.o(i.touch2Display)
    updateBrainData                          0x08004501   Thumb Code   202  main_1.o(i.updateBrainData)
    user_pwm_set_frequency                   0x080045d5   Thumb Code    18  main_1.o(i.user_pwm_set_frequency)
    volumeSet                                0x080045ed   Thumb Code   286  interface.o(i.volumeSet)
    __aeabi_dadd                             0x0800474d   Thumb Code     0  daddsub_clz.o(x$fpl$dadd)
    _dadd                                    0x0800474d   Thumb Code   332  daddsub_clz.o(x$fpl$dadd)
    __aeabi_d2uiz                            0x0800489d   Thumb Code     0  dfixu.o(x$fpl$dfixu)
    _dfixu                                   0x0800489d   Thumb Code    90  dfixu.o(x$fpl$dfixu)
    __aeabi_ui2d                             0x080048f7   Thumb Code     0  dflt_clz.o(x$fpl$dfltu)
    _dfltu                                   0x080048f7   Thumb Code    38  dflt_clz.o(x$fpl$dfltu)
    __aeabi_dmul                             0x0800491d   Thumb Code     0  dmul.o(x$fpl$dmul)
    _dmul                                    0x0800491d   Thumb Code   332  dmul.o(x$fpl$dmul)
    __fpl_dnaninf                            0x08004a71   Thumb Code   156  dnaninf.o(x$fpl$dnaninf)
    __fpl_dretinf                            0x08004b0d   Thumb Code    12  dretinf.o(x$fpl$dretinf)
    __aeabi_dsub                             0x08004b19   Thumb Code     0  daddsub_clz.o(x$fpl$dsub)
    _dsub                                    0x08004b19   Thumb Code   464  daddsub_clz.o(x$fpl$dsub)
    __aeabi_fadd                             0x08004ced   Thumb Code     0  faddsub_clz.o(x$fpl$fadd)
    _fadd                                    0x08004ced   Thumb Code   196  faddsub_clz.o(x$fpl$fadd)
    __aeabi_fdiv                             0x08004db1   Thumb Code     0  fdiv.o(x$fpl$fdiv)
    _fdiv                                    0x08004db1   Thumb Code   384  fdiv.o(x$fpl$fdiv)
    __aeabi_f2iz                             0x08004f35   Thumb Code     0  ffix.o(x$fpl$ffix)
    _ffix                                    0x08004f35   Thumb Code    54  ffix.o(x$fpl$ffix)
    __aeabi_i2f                              0x08004f6d   Thumb Code     0  fflt_clz.o(x$fpl$fflt)
    _fflt                                    0x08004f6d   Thumb Code    48  fflt_clz.o(x$fpl$fflt)
    __aeabi_fmul                             0x08004f9d   Thumb Code     0  fmul.o(x$fpl$fmul)
    _fmul                                    0x08004f9d   Thumb Code   258  fmul.o(x$fpl$fmul)
    __fpl_fnaninf                            0x0800509f   Thumb Code   140  fnaninf.o(x$fpl$fnaninf)
    __fpl_fretinf                            0x0800512b   Thumb Code    10  fretinf.o(x$fpl$fretinf)
    __aeabi_frsub                            0x08005135   Thumb Code     0  faddsub_clz.o(x$fpl$frsb)
    _frsb                                    0x08005135   Thumb Code    20  faddsub_clz.o(x$fpl$frsb)
    __aeabi_fsub                             0x08005149   Thumb Code     0  faddsub_clz.o(x$fpl$fsub)
    _fsub                                    0x08005149   Thumb Code   234  faddsub_clz.o(x$fpl$fsub)
    __I$use$fp                               0x08005232   Number         0  usenofp.o(x$fpl$usenofp)
    ucAscii_1608                             0x08005232   Data        1520  lcdtp.o(.constdata)
    pomodoro                                 0x08005822   Data        3200  image.o(.constdata)
    AHBPrescTable                            0x080064a2   Data          16  system_stm32f1xx.o(.constdata)
    APBPrescTable                            0x080064b2   Data           8  system_stm32f1xx.o(.constdata)
    Region$$Table$$Base                      0x080064f4   Number         0  anon$$obj.o(Region$$Table)
    Region$$Table$$Limit                     0x08006514   Number         0  anon$$obj.o(Region$$Table)
    ucXPT2046_TouchFlag                      0x20000000   Data           1  xpt2046.o(.data)
    strXPT2046_TouchPara                     0x20000008   Data          48  xpt2046.o(.data)
    Uart4_Rx_Cnt                             0x2000003c   Data           1  main_1.o(.data)
    aRxBuffer                                0x2000003d   Data           1  main_1.o(.data)
    timer                                    0x20000040   Data           4  main_1.o(.data)
    mode                                     0x20000044   Data           4  main_1.o(.data)
    volume                                   0x20000048   Data           4  main_1.o(.data)
    _rx_buffer1                              0x20000054   Data           4  uartringbuffer_multi.o(.data)
    _tx_buffer1                              0x20000058   Data           4  uartringbuffer_multi.o(.data)
    _rx_buffer2                              0x2000005c   Data           4  uartringbuffer_multi.o(.data)
    _tx_buffer2                              0x20000060   Data           4  uartringbuffer_multi.o(.data)
    uwTickFreq                               0x20000064   Data           1  stm32f1xx_hal.o(.data)
    uwTickPrio                               0x20000068   Data           4  stm32f1xx_hal.o(.data)
    uwTick                                   0x2000006c   Data           4  stm32f1xx_hal.o(.data)
    SystemCoreClock                          0x20000070   Data           4  system_stm32f1xx.o(.data)
    charValue                                0x200000c4   Data          80  main_1.o(.bss)
    rx_buffer                                0x20000114   Data         256  main_1.o(.bss)
    htim2                                    0x20000214   Data          64  main_1.o(.bss)
    htim4                                    0x20000254   Data          64  main_1.o(.bss)
    huart4                                   0x20000294   Data          64  main_1.o(.bss)
    huart1                                   0x200002d4   Data          64  main_1.o(.bss)
    hsram1                                   0x20000314   Data          68  main_1.o(.bss)
    rx_buffer1                               0x20000358   Data          72  uartringbuffer_multi.o(.bss)
    tx_buffer1                               0x200003a0   Data          72  uartringbuffer_multi.o(.bss)
    rx_buffer2                               0x200003e8   Data          72  uartringbuffer_multi.o(.bss)
    tx_buffer2                               0x20000430   Data          72  uartringbuffer_multi.o(.bss)
    Brain_DataStruct                         0x20000478   Data          60  brain_datatypedef.o(.bss)
    __libspace_start                         0x200004b4   Data          96  libspace.o(.bss)
    __temporary_stack_top$libspace           0x20000514   Data           0  libspace.o(.bss)



==============================================================================

Memory Map of the image

  Image Entry point : 0x08000131

  Load Region LR_IROM1 (Base: 0x08000000, Size: 0x00006588, Max: 0x00080000, ABSOLUTE)

    Execution Region ER_IROM1 (Base: 0x08000000, Size: 0x00006514, Max: 0x00080000, ABSOLUTE)

    Base Addr    Size         Type   Attr      Idx    E Section Name        Object

    0x08000000   0x00000130   Data   RO            3    RESET               startup_stm32f103xe.o
    0x08000130   0x00000008   Code   RO         3388  * !!!main             c_w.l(__main.o)
    0x08000138   0x00000034   Code   RO         3611    !!!scatter          c_w.l(__scatter.o)
    0x0800016c   0x0000001a   Code   RO         3613    !!handler_copy      c_w.l(__scatter_copy.o)
    0x08000186   0x00000002   PAD
    0x08000188   0x0000001c   Code   RO         3615    !!handler_zi        c_w.l(__scatter_zi.o)
    0x080001a4   0x00000000   Code   RO         3381    .ARM.Collect$$_printf_percent$$00000000  c_w.l(_printf_percent.o)
    0x080001a4   0x00000006   Code   RO         3379    .ARM.Collect$$_printf_percent$$00000009  c_w.l(_printf_d.o)
    0x080001aa   0x00000006   Code   RO         3380    .ARM.Collect$$_printf_percent$$0000000A  c_w.l(_printf_u.o)
    0x080001b0   0x00000006   Code   RO         3378    .ARM.Collect$$_printf_percent$$0000000C  c_w.l(_printf_x.o)
    0x080001b6   0x00000004   Code   RO         3443    .ARM.Collect$$_printf_percent$$00000017  c_w.l(_printf_percent_end.o)
    0x080001ba   0x00000002   Code   RO         3481    .ARM.Collect$$libinit$$00000000  c_w.l(libinit.o)
    0x080001bc   0x00000000   Code   RO         3488    .ARM.Collect$$libinit$$00000002  c_w.l(libinit2.o)
    0x080001bc   0x00000000   Code   RO         3490    .ARM.Collect$$libinit$$00000004  c_w.l(libinit2.o)
    0x080001bc   0x00000000   Code   RO         3493    .ARM.Collect$$libinit$$0000000A  c_w.l(libinit2.o)
    0x080001bc   0x00000000   Code   RO         3495    .ARM.Collect$$libinit$$0000000C  c_w.l(libinit2.o)
    0x080001bc   0x00000000   Code   RO         3497    .ARM.Collect$$libinit$$0000000E  c_w.l(libinit2.o)
    0x080001bc   0x00000000   Code   RO         3500    .ARM.Collect$$libinit$$00000011  c_w.l(libinit2.o)
    0x080001bc   0x00000000   Code   RO         3502    .ARM.Collect$$libinit$$00000013  c_w.l(libinit2.o)
    0x080001bc   0x00000000   Code   RO         3504    .ARM.Collect$$libinit$$00000015  c_w.l(libinit2.o)
    0x080001bc   0x00000000   Code   RO         3506    .ARM.Collect$$libinit$$00000017  c_w.l(libinit2.o)
    0x080001bc   0x00000000   Code   RO         3508    .ARM.Collect$$libinit$$00000019  c_w.l(libinit2.o)
    0x080001bc   0x00000000   Code   RO         3510    .ARM.Collect$$libinit$$0000001B  c_w.l(libinit2.o)
    0x080001bc   0x00000000   Code   RO         3512    .ARM.Collect$$libinit$$0000001D  c_w.l(libinit2.o)
    0x080001bc   0x00000000   Code   RO         3514    .ARM.Collect$$libinit$$0000001F  c_w.l(libinit2.o)
    0x080001bc   0x00000000   Code   RO         3516    .ARM.Collect$$libinit$$00000021  c_w.l(libinit2.o)
    0x080001bc   0x00000000   Code   RO         3518    .ARM.Collect$$libinit$$00000023  c_w.l(libinit2.o)
    0x080001bc   0x00000000   Code   RO         3520    .ARM.Collect$$libinit$$00000025  c_w.l(libinit2.o)
    0x080001bc   0x00000000   Code   RO         3524    .ARM.Collect$$libinit$$0000002C  c_w.l(libinit2.o)
    0x080001bc   0x00000000   Code   RO         3526    .ARM.Collect$$libinit$$0000002E  c_w.l(libinit2.o)
    0x080001bc   0x00000000   Code   RO         3528    .ARM.Collect$$libinit$$00000030  c_w.l(libinit2.o)
    0x080001bc   0x00000000   Code   RO         3530    .ARM.Collect$$libinit$$00000032  c_w.l(libinit2.o)
    0x080001bc   0x00000002   Code   RO         3531    .ARM.Collect$$libinit$$00000033  c_w.l(libinit2.o)
    0x080001be   0x00000002   Code   RO         3551    .ARM.Collect$$libshutdown$$00000000  c_w.l(libshutdown.o)
    0x080001c0   0x00000000   Code   RO         3564    .ARM.Collect$$libshutdown$$00000002  c_w.l(libshutdown2.o)
    0x080001c0   0x00000000   Code   RO         3566    .ARM.Collect$$libshutdown$$00000004  c_w.l(libshutdown2.o)
    0x080001c0   0x00000000   Code   RO         3569    .ARM.Collect$$libshutdown$$00000007  c_w.l(libshutdown2.o)
    0x080001c0   0x00000000   Code   RO         3572    .ARM.Collect$$libshutdown$$0000000A  c_w.l(libshutdown2.o)
    0x080001c0   0x00000000   Code   RO         3574    .ARM.Collect$$libshutdown$$0000000C  c_w.l(libshutdown2.o)
    0x080001c0   0x00000000   Code   RO         3577    .ARM.Collect$$libshutdown$$0000000F  c_w.l(libshutdown2.o)
    0x080001c0   0x00000002   Code   RO         3578    .ARM.Collect$$libshutdown$$00000010  c_w.l(libshutdown2.o)
    0x080001c2   0x00000000   Code   RO         3436    .ARM.Collect$$rtentry$$00000000  c_w.l(__rtentry.o)
    0x080001c2   0x00000000   Code   RO         3456    .ARM.Collect$$rtentry$$00000002  c_w.l(__rtentry2.o)
    0x080001c2   0x00000006   Code   RO         3468    .ARM.Collect$$rtentry$$00000004  c_w.l(__rtentry4.o)
    0x080001c8   0x00000000   Code   RO         3458    .ARM.Collect$$rtentry$$00000009  c_w.l(__rtentry2.o)
    0x080001c8   0x00000004   Code   RO         3459    .ARM.Collect$$rtentry$$0000000A  c_w.l(__rtentry2.o)
    0x080001cc   0x00000000   Code   RO         3461    .ARM.Collect$$rtentry$$0000000C  c_w.l(__rtentry2.o)
    0x080001cc   0x00000008   Code   RO         3462    .ARM.Collect$$rtentry$$0000000D  c_w.l(__rtentry2.o)
    0x080001d4   0x00000002   Code   RO         3485    .ARM.Collect$$rtexit$$00000000  c_w.l(rtexit.o)
    0x080001d6   0x00000000   Code   RO         3533    .ARM.Collect$$rtexit$$00000002  c_w.l(rtexit2.o)
    0x080001d6   0x00000004   Code   RO         3534    .ARM.Collect$$rtexit$$00000003  c_w.l(rtexit2.o)
    0x080001da   0x00000006   Code   RO         3535    .ARM.Collect$$rtexit$$00000004  c_w.l(rtexit2.o)
    0x080001e0   0x00000040   Code   RO            4    .text               startup_stm32f103xe.o
    0x08000220   0x00000028   Code   RO         3329    .text               c_w.l(noretval__2sprintf.o)
    0x08000248   0x0000004e   Code   RO         3333    .text               c_w.l(_printf_pad.o)
    0x08000296   0x00000002   PAD
    0x08000298   0x00000078   Code   RO         3335    .text               c_w.l(_printf_dec.o)
    0x08000310   0x00000058   Code   RO         3340    .text               c_w.l(_printf_hex_int.o)
    0x08000368   0x00000138   Code   RO         3370    .text               c_w.l(__printf_flags_wp.o)
    0x080004a0   0x0000004e   Code   RO         3384    .text               c_w.l(rt_memclr_w.o)
    0x080004ee   0x00000006   Code   RO         3386    .text               c_w.l(heapauxi.o)
    0x080004f4   0x000000b2   Code   RO         3437    .text               c_w.l(_printf_intcommon.o)
    0x080005a6   0x00000002   PAD
    0x080005a8   0x00000030   Code   RO         3439    .text               c_w.l(_printf_char_common.o)
    0x080005d8   0x0000000a   Code   RO         3441    .text               c_w.l(_sputc.o)
    0x080005e2   0x0000004a   Code   RO         3472    .text               c_w.l(sys_stackheap_outer.o)
    0x0800062c   0x00000012   Code   RO         3474    .text               c_w.l(exit.o)
    0x0800063e   0x00000002   PAD
    0x08000640   0x00000008   Code   RO         3482    .text               c_w.l(libspace.o)
    0x08000648   0x0000000c   Code   RO         3543    .text               c_w.l(sys_exit.o)
    0x08000654   0x00000002   Code   RO         3554    .text               c_w.l(use_no_semi.o)
    0x08000656   0x00000000   Code   RO         3556    .text               c_w.l(indicate_semi.o)
    0x08000656   0x00000002   Code   RO          592    i.BusFault_Handler  stm32f1xx_it.o
    0x08000658   0x00000038   Code   RO          256    i.Check_touchkey    xpt2046.o
    0x08000690   0x00000002   Code   RO          593    i.DebugMon_Handler  stm32f1xx_it.o
    0x08000692   0x00000010   Code   RO           13    i.Delay             lcdtp.o
    0x080006a2   0x00000006   Code   RO          594    i.EXTI4_IRQHandler  stm32f1xx_it.o
    0x080006a8   0x0000003c   Code   RO          969    i.FSMC_NORSRAM_Extended_Timing_Init  stm32f1xx_ll_fsmc.o
    0x080006e4   0x00000098   Code   RO          970    i.FSMC_NORSRAM_Init  stm32f1xx_ll_fsmc.o
    0x0800077c   0x00000044   Code   RO          971    i.FSMC_NORSRAM_Timing_Init  stm32f1xx_ll_fsmc.o
    0x080007c0   0x00000130   Code   RO         1455    i.HAL_DMA_Abort_IT  stm32f1xx_hal_dma.o
    0x080008f0   0x00000024   Code   RO         1094    i.HAL_Delay         stm32f1xx_hal.o
    0x08000914   0x00000068   Code   RO          686    i.HAL_FSMC_MspInit  stm32f1xx_hal_msp.o
    0x0800097c   0x00000002   Code   RO         1388    i.HAL_GPIO_EXTI_Callback  stm32f1xx_hal_gpio.o
    0x0800097e   0x00000002   PAD
    0x08000980   0x00000018   Code   RO         1389    i.HAL_GPIO_EXTI_IRQHandler  stm32f1xx_hal_gpio.o
    0x08000998   0x000001e8   Code   RO         1390    i.HAL_GPIO_Init     stm32f1xx_hal_gpio.o
    0x08000b80   0x0000000a   Code   RO         1392    i.HAL_GPIO_ReadPin  stm32f1xx_hal_gpio.o
    0x08000b8a   0x00000008   Code   RO         1393    i.HAL_GPIO_TogglePin  stm32f1xx_hal_gpio.o
    0x08000b92   0x0000000a   Code   RO         1394    i.HAL_GPIO_WritePin  stm32f1xx_hal_gpio.o
    0x08000b9c   0x0000000c   Code   RO         1098    i.HAL_GetTick       stm32f1xx_hal.o
    0x08000ba8   0x00000010   Code   RO         1102    i.HAL_IncTick       stm32f1xx_hal.o
    0x08000bb8   0x00000024   Code   RO         1103    i.HAL_Init          stm32f1xx_hal.o
    0x08000bdc   0x00000040   Code   RO         1104    i.HAL_InitTick      stm32f1xx_hal.o
    0x08000c1c   0x0000003c   Code   RO          687    i.HAL_MspInit       stm32f1xx_hal_msp.o
    0x08000c58   0x00000016   Code   RO         1550    i.HAL_NVIC_EnableIRQ  stm32f1xx_hal_cortex.o
    0x08000c6e   0x00000002   PAD
    0x08000c70   0x00000040   Code   RO         1556    i.HAL_NVIC_SetPriority  stm32f1xx_hal_cortex.o
    0x08000cb0   0x00000024   Code   RO         1557    i.HAL_NVIC_SetPriorityGrouping  stm32f1xx_hal_cortex.o
    0x08000cd4   0x0000016c   Code   RO         1250    i.HAL_RCC_ClockConfig  stm32f1xx_hal_rcc.o
    0x08000e40   0x00000020   Code   RO         1257    i.HAL_RCC_GetPCLK1Freq  stm32f1xx_hal_rcc.o
    0x08000e60   0x00000020   Code   RO         1258    i.HAL_RCC_GetPCLK2Freq  stm32f1xx_hal_rcc.o
    0x08000e80   0x0000006c   Code   RO         1259    i.HAL_RCC_GetSysClockFreq  stm32f1xx_hal_rcc.o
    0x08000eec   0x00000048   Code   RO         1260    i.HAL_RCC_MCOConfig  stm32f1xx_hal_rcc.o
    0x08000f34   0x00000304   Code   RO         1262    i.HAL_RCC_OscConfig  stm32f1xx_hal_rcc.o
    0x08001238   0x00000056   Code   RO         1982    i.HAL_SRAM_Init     stm32f1xx_hal_sram.o
    0x0800128e   0x00000004   Code   RO          689    i.HAL_SRAM_MspInit  stm32f1xx_hal_msp.o
    0x08001292   0x00000028   Code   RO         1561    i.HAL_SYSTICK_Config  stm32f1xx_hal_cortex.o
    0x080012ba   0x00000050   Code   RO         2746    i.HAL_TIMEx_MasterConfigSynchronization  stm32f1xx_hal_tim_ex.o
    0x0800130a   0x00000036   Code   RO         2100    i.HAL_TIM_Base_Init  stm32f1xx_hal_tim.o
    0x08001340   0x0000003c   Code   RO          691    i.HAL_TIM_Base_MspInit  stm32f1xx_hal_msp.o
    0x0800137c   0x000000f2   Code   RO         2109    i.HAL_TIM_ConfigClockSource  stm32f1xx_hal_tim.o
    0x0800146e   0x00000002   PAD
    0x08001470   0x00000074   Code   RO          692    i.HAL_TIM_MspPostInit  stm32f1xx_hal_msp.o
    0x080014e4   0x000000d0   Code   RO         2166    i.HAL_TIM_PWM_ConfigChannel  stm32f1xx_hal_tim.o
    0x080015b4   0x00000036   Code   RO         2169    i.HAL_TIM_PWM_Init  stm32f1xx_hal_tim.o
    0x080015ea   0x00000002   Code   RO         2171    i.HAL_TIM_PWM_MspInit  stm32f1xx_hal_tim.o
    0x080015ec   0x00000038   Code   RO         2173    i.HAL_TIM_PWM_Start  stm32f1xx_hal_tim.o
    0x08001624   0x0000005c   Code   RO         2176    i.HAL_TIM_PWM_Stop  stm32f1xx_hal_tim.o
    0x08001680   0x00000042   Code   RO         2181    i.HAL_TIM_SlaveConfigSynchronization  stm32f1xx_hal_tim.o
    0x080016c2   0x00000002   Code   RO         2983    i.HAL_UART_ErrorCallback  stm32f1xx_hal_uart.o
    0x080016c4   0x00000110   Code   RO         2986    i.HAL_UART_IRQHandler  stm32f1xx_hal_uart.o
    0x080017d4   0x00000062   Code   RO         2987    i.HAL_UART_Init     stm32f1xx_hal_uart.o
    0x08001836   0x00000002   PAD
    0x08001838   0x000000dc   Code   RO          694    i.HAL_UART_MspInit  stm32f1xx_hal_msp.o
    0x08001914   0x00000052   Code   RO         2992    i.HAL_UART_Receive_IT  stm32f1xx_hal_uart.o
    0x08001966   0x00000002   PAD
    0x08001968   0x0000003c   Code   RO          475    i.HAL_UART_RxCpltCallback  main_1.o
    0x080019a4   0x00000002   Code   RO         2998    i.HAL_UART_TxCpltCallback  stm32f1xx_hal_uart.o
    0x080019a6   0x00000002   Code   RO          595    i.HardFault_Handler  stm32f1xx_it.o
    0x080019a8   0x00000018   Code   RO           14    i.LCD_BackLed_Control  lcdtp.o
    0x080019c0   0x0000001a   Code   RO           15    i.LCD_Clear         lcdtp.o
    0x080019da   0x00000002   PAD
    0x080019dc   0x00000050   Code   RO           16    i.LCD_DrawChar      lcdtp.o
    0x08001a2c   0x0000004c   Code   RO           17    i.LCD_DrawChar_Color  lcdtp.o
    0x08001a78   0x00000022   Code   RO           20    i.LCD_DrawDot       lcdtp.o
    0x08001a9a   0x00000002   PAD
    0x08001a9c   0x00000040   Code   RO           22    i.LCD_DrawString    lcdtp.o
    0x08001adc   0x00000050   Code   RO           23    i.LCD_DrawString_Color  lcdtp.o
    0x08001b2c   0x0000001c   Code   RO           24    i.LCD_FillColor     lcdtp.o
    0x08001b48   0x00000088   Code   RO           26    i.LCD_GramScan      lcdtp.o
    0x08001bd0   0x00000026   Code   RO           27    i.LCD_INIT          lcdtp.o
    0x08001bf6   0x00000002   PAD
    0x08001bf8   0x00000040   Code   RO           28    i.LCD_OpenWindow    lcdtp.o
    0x08001c38   0x00000178   Code   RO           29    i.LCD_REG_Config    lcdtp.o
    0x08001db0   0x00000034   Code   RO           32    i.LCD_Rst           lcdtp.o
    0x08001de4   0x00000058   Code   RO           35    i.LCD_drawImage     lcdtp.o
    0x08001e3c   0x00000070   Code   RO          476    i.MX_FSMC_Init      main_1.o
    0x08001eac   0x00000128   Code   RO          477    i.MX_GPIO_Init      main_1.o
    0x08001fd4   0x0000007c   Code   RO          478    i.MX_TIM2_Init      main_1.o
    0x08002050   0x00000094   Code   RO          479    i.MX_TIM4_Init      main_1.o
    0x080020e4   0x00000002   Code   RO          596    i.MemManage_Handler  stm32f1xx_it.o
    0x080020e6   0x00000002   Code   RO          597    i.NMI_Handler       stm32f1xx_it.o
    0x080020e8   0x00000020   Code   RO         1563    i.NVIC_SetPriority  stm32f1xx_hal_cortex.o
    0x08002108   0x00000002   Code   RO          598    i.PendSV_Handler    stm32f1xx_it.o
    0x0800210a   0x00000002   PAD
    0x0800210c   0x0000006c   Code   RO          864    i.Rickroll          tone.o
    0x08002178   0x00000038   Code   RO          763    i.Ringbuf_init      uartringbuffer_multi.o
    0x080021b0   0x00000002   Code   RO          599    i.SVC_Handler       stm32f1xx_it.o
    0x080021b2   0x00000004   Code   RO          600    i.SysTick_Handler   stm32f1xx_it.o
    0x080021b6   0x0000005a   Code   RO          480    i.SystemClock_Config  main_1.o
    0x08002210   0x00000048   Code   RO         3289    i.SystemInit        system_stm32f1xx.o
    0x08002258   0x0000008c   Code   RO         2184    i.TIM_Base_SetConfig  stm32f1xx_hal_tim.o
    0x080022e4   0x00000016   Code   RO         2185    i.TIM_CCxChannelCmd  stm32f1xx_hal_tim.o
    0x080022fa   0x00000014   Code   RO         2191    i.TIM_ETR_SetConfig  stm32f1xx_hal_tim.o
    0x0800230e   0x00000010   Code   RO         2192    i.TIM_ITRx_SetConfig  stm32f1xx_hal_tim.o
    0x0800231e   0x00000002   PAD
    0x08002320   0x00000060   Code   RO         2193    i.TIM_OC1_SetConfig  stm32f1xx_hal_tim.o
    0x08002380   0x0000006c   Code   RO         2194    i.TIM_OC2_SetConfig  stm32f1xx_hal_tim.o
    0x080023ec   0x00000068   Code   RO         2195    i.TIM_OC3_SetConfig  stm32f1xx_hal_tim.o
    0x08002454   0x00000050   Code   RO         2196    i.TIM_OC4_SetConfig  stm32f1xx_hal_tim.o
    0x080024a4   0x0000007c   Code   RO         2197    i.TIM_SlaveTimer_SetConfig  stm32f1xx_hal_tim.o
    0x08002520   0x00000022   Code   RO         2198    i.TIM_TI1_ConfigInputStage  stm32f1xx_hal_tim.o
    0x08002542   0x00000024   Code   RO         2200    i.TIM_TI2_ConfigInputStage  stm32f1xx_hal_tim.o
    0x08002566   0x00000002   PAD
    0x08002568   0x0000000c   Code   RO          601    i.UART4_IRQHandler  stm32f1xx_it.o
    0x08002574   0x00000010   Code   RO         3000    i.UART_DMAAbortOnError  stm32f1xx_hal_uart.o
    0x08002584   0x0000001c   Code   RO         3010    i.UART_EndRxTransfer  stm32f1xx_hal_uart.o
    0x080025a0   0x00000096   Code   RO         3012    i.UART_Receive_IT   stm32f1xx_hal_uart.o
    0x08002636   0x00000002   PAD
    0x08002638   0x00000170   Code   RO         3013    i.UART_SetConfig    stm32f1xx_hal_uart.o
    0x080027a8   0x00000062   Code   RO         3014    i.UART_Transmit_IT  stm32f1xx_hal_uart.o
    0x0800280a   0x00000002   PAD
    0x0800280c   0x0000000c   Code   RO          602    i.USART1_IRQHandler  stm32f1xx_it.o
    0x08002818   0x0000006c   Code   RO          765    i.Uart_isr          uartringbuffer_multi.o
    0x08002884   0x00000018   Code   RO          769    i.Uart_sendstring   uartringbuffer_multi.o
    0x0800289c   0x00000038   Code   RO          770    i.Uart_write        uartringbuffer_multi.o
    0x080028d4   0x00000002   Code   RO          603    i.UsageFault_Handler  stm32f1xx_it.o
    0x080028d6   0x00000018   Code   RO          258    i.XPT2046_DelayUS   xpt2046.o
    0x080028ee   0x00000096   Code   RO          259    i.XPT2046_Get_TouchedPoint  xpt2046.o
    0x08002984   0x00000058   Code   RO          260    i.XPT2046_ReadAdc   xpt2046.o
    0x080029dc   0x00000134   Code   RO          261    i.XPT2046_ReadAdc_Smooth_XY  xpt2046.o
    0x08002b10   0x00000020   Code   RO          262    i.XPT2046_ReadAdc_XY  xpt2046.o
    0x08002b30   0x00000064   Code   RO          264    i.XPT2046_WriteCMD  xpt2046.o
    0x08002b94   0x0000000e   Code   RO         3368    i._is_digit         c_w.l(__printf_wp.o)
    0x08002ba2   0x00000002   PAD
    0x08002ba4   0x000001d0   Code   RO          350    i.bigNumber         interface.o
    0x08002d74   0x000000e0   Code   RO          351    i.breakSelection    interface.o
    0x08002e54   0x0000004e   Code   RO          352    i.button            interface.o
    0x08002ea2   0x00000002   PAD
    0x08002ea4   0x00000088   Code   RO          353    i.checkButton       interface.o
    0x08002f2c   0x00000088   Code   RO          865    i.famMart           tone.o
    0x08002fb4   0x00000108   Code   RO          354    i.focusSelection    interface.o
    0x080030bc   0x000000b4   Code   RO          355    i.loading           interface.o
    0x08003170   0x0000055c   Code   RO          481    i.main              main_1.o
    0x080036cc   0x0000014c   Code   RO          356    i.mainMenu          interface.o
    0x08003818   0x000000dc   Code   RO          866    i.mii               tone.o
    0x080038f4   0x00000010   Code   RO          265    i.myCheck           xpt2046.o
    0x08003904   0x00000288   Code   RO          357    i.reminder          interface.o
    0x08003b8c   0x00000016   Code   RO          772    i.store_char        uartringbuffer_multi.o
    0x08003ba2   0x00000002   PAD
    0x08003ba4   0x00000544   Code   RO          359    i.timerCount        interface.o
    0x080040e8   0x00000064   Code   RO          482    i.timerEnds         main_1.o
    0x0800414c   0x00000310   Code   RO          360    i.timerScreen       interface.o
    0x0800445c   0x00000028   Code   RO          483    i.tone              main_1.o
    0x08004484   0x0000007c   Code   RO          361    i.touch2Display     interface.o
    0x08004500   0x000000d4   Code   RO          484    i.updateBrainData   main_1.o
    0x080045d4   0x00000018   Code   RO          485    i.user_pwm_set_frequency  main_1.o
    0x080045ec   0x00000160   Code   RO          362    i.volumeSet         interface.o
    0x0800474c   0x00000150   Code   RO         3390    x$fpl$dadd          fz_ws.l(daddsub_clz.o)
    0x0800489c   0x0000005a   Code   RO         3402    x$fpl$dfixu         fz_ws.l(dfixu.o)
    0x080048f6   0x00000026   Code   RO         3406    x$fpl$dfltu         fz_ws.l(dflt_clz.o)
    0x0800491c   0x00000154   Code   RO         3412    x$fpl$dmul          fz_ws.l(dmul.o)
    0x08004a70   0x0000009c   Code   RO         3446    x$fpl$dnaninf       fz_ws.l(dnaninf.o)
    0x08004b0c   0x0000000c   Code   RO         3448    x$fpl$dretinf       fz_ws.l(dretinf.o)
    0x08004b18   0x000001d4   Code   RO         3392    x$fpl$dsub          fz_ws.l(daddsub_clz.o)
    0x08004cec   0x000000c4   Code   RO         3414    x$fpl$fadd          fz_ws.l(faddsub_clz.o)
    0x08004db0   0x00000184   Code   RO         3421    x$fpl$fdiv          fz_ws.l(fdiv.o)
    0x08004f34   0x00000036   Code   RO         3424    x$fpl$ffix          fz_ws.l(ffix.o)
    0x08004f6a   0x00000002   PAD
    0x08004f6c   0x00000030   Code   RO         3429    x$fpl$fflt          fz_ws.l(fflt_clz.o)
    0x08004f9c   0x00000102   Code   RO         3434    x$fpl$fmul          fz_ws.l(fmul.o)
    0x0800509e   0x0000008c   Code   RO         3450    x$fpl$fnaninf       fz_ws.l(fnaninf.o)
    0x0800512a   0x0000000a   Code   RO         3452    x$fpl$fretinf       fz_ws.l(fretinf.o)
    0x08005134   0x00000014   Code   RO         3415    x$fpl$frsb          fz_ws.l(faddsub_clz.o)
    0x08005148   0x000000ea   Code   RO         3416    x$fpl$fsub          fz_ws.l(faddsub_clz.o)
    0x08005232   0x00000000   Code   RO         3454    x$fpl$usenofp       fz_ws.l(usenofp.o)
    0x08005232   0x000005f0   Data   RO           36    .constdata          lcdtp.o
    0x08005822   0x00000c80   Data   RO          335    .constdata          image.o
    0x080064a2   0x00000010   Data   RO         3290    .constdata          system_stm32f1xx.o
    0x080064b2   0x00000008   Data   RO         3291    .constdata          system_stm32f1xx.o
    0x080064ba   0x00000028   Data   RO         3341    .constdata          c_w.l(_printf_hex_int.o)
    0x080064e2   0x00000011   Data   RO         3371    .constdata          c_w.l(__printf_flags_wp.o)
    0x080064f3   0x00000001   PAD
    0x080064f4   0x00000020   Data   RO         3609    Region$$Table       anon$$obj.o


    Execution Region RW_IRAM1 (Base: 0x20000000, Size: 0x00001518, Max: 0x00010000, ABSOLUTE)

    Base Addr    Size         Type   Attr      Idx    E Section Name        Object

    0x20000000   0x00000038   Data   RW          266    .data               xpt2046.o
    0x20000038   0x00000004   Data   RW          364    .data               interface.o
    0x2000003c   0x00000010   Data   RW          488    .data               main_1.o
    0x2000004c   0x00000008   Data   RW          695    .data               stm32f1xx_hal_msp.o
    0x20000054   0x00000010   Data   RW          774    .data               uartringbuffer_multi.o
    0x20000064   0x0000000c   Data   RW         1110    .data               stm32f1xx_hal.o
    0x20000070   0x00000004   Data   RW         3292    .data               system_stm32f1xx.o
    0x20000074   0x00000050   Zero   RW          363    .bss                interface.o
    0x200000c4   0x00000294   Zero   RW          487    .bss                main_1.o
    0x20000358   0x00000120   Zero   RW          773    .bss                uartringbuffer_multi.o
    0x20000478   0x0000003c   Zero   RW          901    .bss                brain_datatypedef.o
    0x200004b4   0x00000060   Zero   RW         3483    .bss                c_w.l(libspace.o)
    0x20000514   0x00000004   PAD
    0x20000518   0x00000800   Zero   RW            2    HEAP                startup_stm32f103xe.o
    0x20000d18   0x00000800   Zero   RW            1    STACK               startup_stm32f103xe.o


==============================================================================

Image component sizes


      Code (inc. data)   RO Data    RW Data    ZI Data      Debug   Object Name

         0          0          0          0         60        859   brain_datatypedef.o
         0          0       3200          0          0        523   image.o
      4934       1032          0          4         80      11211   interface.o
      1182         54       1520          0          0     502694   lcdtp.o
      2578        268          0         16        660       9203   main_1.o
        64         26        304          0       4096        824   startup_stm32f103xe.o
       164         28          0         12          0       6629   stm32f1xx_hal.o
       194         14          0          0          0      25835   stm32f1xx_hal_cortex.o
       304          8          0          0          0       1191   stm32f1xx_hal_dma.o
       542         48          0          0          0       5300   stm32f1xx_hal_gpio.o
       564         72          0          8          0       4413   stm32f1xx_hal_msp.o
      1380        106          0          0          0       6036   stm32f1xx_hal_rcc.o
        86          0          0          0          0       1220   stm32f1xx_hal_sram.o
      1554         80          0          0          0      14606   stm32f1xx_hal_tim.o
        80          0          0          0          0       1300   stm32f1xx_hal_tim_ex.o
      1116         10          0          0          0       7439   stm32f1xx_hal_uart.o
        50         12          0          0          0       5232   stm32f1xx_it.o
       280         12          0          0          0       2623   stm32f1xx_ll_fsmc.o
        72         16         24          4          0       1199   system_stm32f1xx.o
       464         16          0          0          0       1551   tone.o
       266         34          0         16        288       4243   uartringbuffer_multi.o
       774         30          0         56          0       7270   xpt2046.o

    ----------------------------------------------------------------------
     16678       1866       5080        116       5184     621401   Object Totals
         0          0         32          0          0          0   (incl. Generated)
        30          0          0          0          0          0   (incl. Padding)

    ----------------------------------------------------------------------

      Code (inc. data)   RO Data    RW Data    ZI Data      Debug   Library Member Name

         8          0          0          0          0         68   __main.o
       312          4         17          0          0         92   __printf_flags_wp.o
        14          0          0          0          0         68   __printf_wp.o
         0          0          0          0          0          0   __rtentry.o
        12          0          0          0          0          0   __rtentry2.o
         6          0          0          0          0          0   __rtentry4.o
        52          8          0          0          0          0   __scatter.o
        26          0          0          0          0          0   __scatter_copy.o
        28          0          0          0          0          0   __scatter_zi.o
        48          6          0          0          0         96   _printf_char_common.o
         6          0          0          0          0          0   _printf_d.o
       120         16          0          0          0         92   _printf_dec.o
        88          4         40          0          0         88   _printf_hex_int.o
       178          0          0          0          0         88   _printf_intcommon.o
        78          0          0          0          0        108   _printf_pad.o
         0          0          0          0          0          0   _printf_percent.o
         4          0          0          0          0          0   _printf_percent_end.o
         6          0          0          0          0          0   _printf_u.o
         6          0          0          0          0          0   _printf_x.o
        10          0          0          0          0         68   _sputc.o
        18          0          0          0          0         80   exit.o
         6          0          0          0          0        152   heapauxi.o
         0          0          0          0          0          0   indicate_semi.o
         2          0          0          0          0          0   libinit.o
         2          0          0          0          0          0   libinit2.o
         2          0          0          0          0          0   libshutdown.o
         2          0          0          0          0          0   libshutdown2.o
         8          4          0          0         96         68   libspace.o
        40          6          0          0          0         84   noretval__2sprintf.o
        78          0          0          0          0         80   rt_memclr_w.o
         2          0          0          0          0          0   rtexit.o
        10          0          0          0          0          0   rtexit2.o
        12          4          0          0          0         68   sys_exit.o
        74          0          0          0          0         80   sys_stackheap_outer.o
         2          0          0          0          0         68   use_no_semi.o
       804         16          0          0          0        272   daddsub_clz.o
        90          4          0          0          0         92   dfixu.o
        38          0          0          0          0         68   dflt_clz.o
       340         12          0          0          0        104   dmul.o
       156          4          0          0          0         92   dnaninf.o
        12          0          0          0          0         68   dretinf.o
       450          8          0          0          0        236   faddsub_clz.o
       388         76          0          0          0         96   fdiv.o
        54          4          0          0          0         84   ffix.o
        48          0          0          0          0         68   fflt_clz.o
       258          4          0          0          0         84   fmul.o
       140          4          0          0          0         84   fnaninf.o
        10          0          0          0          0         68   fretinf.o
         0          0          0          0          0          0   usenofp.o

    ----------------------------------------------------------------------
      4060        184         58          0        100       2864   Library Totals
        12          0          1          0          4          0   (incl. Padding)

    ----------------------------------------------------------------------

      Code (inc. data)   RO Data    RW Data    ZI Data      Debug   Library Name

      1260         52         57          0         96       1448   c_w.l
      2788        132          0          0          0       1416   fz_ws.l

    ----------------------------------------------------------------------
      4060        184         58          0        100       2864   Library Totals

    ----------------------------------------------------------------------

==============================================================================


      Code (inc. data)   RO Data    RW Data    ZI Data      Debug   

     20738       2050       5138        116       5284     616305   Grand Totals
     20738       2050       5138        116       5284     616305   ELF Image Totals
     20738       2050       5138        116          0          0   ROM Totals

==============================================================================

    Total RO  Size (Code + RO Data)                25876 (  25.27kB)
    Total RW  Size (RW Data + ZI Data)              5400 (   5.27kB)
    Total ROM Size (Code + RO Data + RW Data)      25992 (  25.38kB)

==============================================================================

